Archive member included to satisfy reference by file (symbol)

/home/drew/devkitPro/libctru/lib/libsf2d.a(sf2d_texture.o)
                              main.o (sf2d_free_texture)
/home/drew/devkitPro/libctru/lib/libsf2d.a(sf2d.o)
                              main.o (sf2d_fini)
/home/drew/devkitPro/libctru/lib/libsf2d.a(shader.shbin.o)
                              /home/drew/devkitPro/libctru/lib/libsf2d.a(sf2d.o) (shader_shbin_size)
/home/drew/devkitPro/libctru/lib/libcitro3d.a(base.o)
                              /home/drew/devkitPro/libctru/lib/libsf2d.a(sf2d.o) (C3D_Init)
/home/drew/devkitPro/libctru/lib/libcitro3d.a(renderqueue.o)
                              /home/drew/devkitPro/libctru/lib/libsf2d.a(sf2d.o) (C3D_FrameBegin)
/home/drew/devkitPro/libctru/lib/libcitro3d.a(texture.o)
                              /home/drew/devkitPro/libctru/lib/libsf2d.a(sf2d_texture.o) (C3D_TexInit)
/home/drew/devkitPro/libctru/lib/libcitro3d.a(texenv.o)
                              /home/drew/devkitPro/libctru/lib/libcitro3d.a(base.o) (TexEnv_Init)
/home/drew/devkitPro/libctru/lib/libcitro3d.a(buffers.o)
                              /home/drew/devkitPro/libctru/lib/libsf2d.a(sf2d_texture.o) (BufInfo_Init)
/home/drew/devkitPro/libctru/lib/libcitro3d.a(drawArrays.o)
                              /home/drew/devkitPro/libctru/lib/libsf2d.a(sf2d_texture.o) (C3D_DrawArrays)
/home/drew/devkitPro/libctru/lib/libcitro3d.a(effect.o)
                              /home/drew/devkitPro/libctru/lib/libcitro3d.a(base.o) (C3D_DepthMap)
/home/drew/devkitPro/libctru/lib/libcitro3d.a(attribs.o)
                              /home/drew/devkitPro/libctru/lib/libsf2d.a(sf2d_texture.o) (AttrInfo_Init)
/home/drew/devkitPro/libctru/lib/libcitro3d.a(immediate.o)
                              /home/drew/devkitPro/libctru/lib/libcitro3d.a(base.o) (C3D_ImmSendAttrib)
/home/drew/devkitPro/libctru/lib/libcitro3d.a(renderbuffer.o)
                              /home/drew/devkitPro/libctru/lib/libcitro3d.a(renderqueue.o) (C3D_RenderBufInit)
/home/drew/devkitPro/libctru/lib/libcitro3d.a(uniforms.o)
                              /home/drew/devkitPro/libctru/lib/libcitro3d.a(base.o) (C3D_UpdateUniforms)
/home/drew/devkitPro/libctru/lib/libcitro3d.a(mtx_orthotilt.o)
                              /home/drew/devkitPro/libctru/lib/libsf2d.a(sf2d_texture.o) (Mtx_OrthoTilt)
/home/drew/devkitPro/libctru/lib/libctru.a(linear.o)
                              /home/drew/devkitPro/libctru/lib/libsf2d.a(sf2d_texture.o) (linearAlloc)
/home/drew/devkitPro/libctru/lib/libctru.a(vram.o)
                              /home/drew/devkitPro/libctru/lib/libcitro3d.a(texture.o) (vramAlloc)
/home/drew/devkitPro/libctru/lib/libctru.a(gfx.o)
                              /home/drew/devkitPro/libctru/lib/libsf2d.a(sf2d.o) (gfxSet3D)
/home/drew/devkitPro/libctru/lib/libctru.a(console.o)
                              main.o (consoleInit)
/home/drew/devkitPro/libctru/lib/libctru.a(os.o)
                              /home/drew/devkitPro/libctru/lib/libcitro3d.a(base.o) (osConvertVirtToPhys)
/home/drew/devkitPro/libctru/lib/libctru.a(gpu.o)
                              /home/drew/devkitPro/libctru/lib/libcitro3d.a(base.o) (GPUCMD_SetBuffer)
/home/drew/devkitPro/libctru/lib/libctru.a(gx.o)
                              /home/drew/devkitPro/libctru/lib/libctru.a(gfx.o) (gxCmdBuf)
/home/drew/devkitPro/libctru/lib/libctru.a(shbin.o)
                              /home/drew/devkitPro/libctru/lib/libsf2d.a(sf2d.o) (DVLB_Free)
/home/drew/devkitPro/libctru/lib/libctru.a(shaderProgram.o)
                              /home/drew/devkitPro/libctru/lib/libsf2d.a(sf2d.o) (shaderInstanceGetUniformLocation)
/home/drew/devkitPro/libctru/lib/libctru.a(ptmsysm.o)
                              /home/drew/devkitPro/libctru/lib/libctru.a(os.o) (ptmSysmInit)
/home/drew/devkitPro/libctru/lib/libctru.a(hid.o)
                              main.o (hidScanInput)
/home/drew/devkitPro/libctru/lib/libctru.a(apt.o)
                              /home/drew/devkitPro/libctru/lib/libcitro3d.a(base.o) (aptHook)
/home/drew/devkitPro/libctru/lib/libctru.a(gspgpu.o)
                              /home/drew/devkitPro/libctru/lib/libctru.a(gfx.o) (gspInit)
/home/drew/devkitPro/libctru/lib/libctru.a(irrst.o)
                              /home/drew/devkitPro/libctru/lib/libctru.a(hid.o) (irrstScanInput)
/home/drew/devkitPro/libctru/lib/libctru.a(rbtree_find.o)
                              /home/drew/devkitPro/libctru/lib/libctru.a(linear.o) (rbtree_find)
/home/drew/devkitPro/libctru/lib/libctru.a(rbtree_remove.o)
                              /home/drew/devkitPro/libctru/lib/libctru.a(linear.o) (rbtree_remove)
/home/drew/devkitPro/libctru/lib/libctru.a(rbtree_iterator.o)
                              /home/drew/devkitPro/libctru/lib/libctru.a(rbtree_remove.o) (rbtree_node_next)
/home/drew/devkitPro/libctru/lib/libctru.a(rbtree_rotate.o)
[...]
Memory Configuration

Name             Origin             Length             Attributes
*default*        0x0000000000000000 0xffffffffffffffff

Linker script and memory map

                0x0000000000100000                PROVIDE (__start__, 0x100000)
                0x0000000000100000                . = __start__

.text           0x0000000000100000    0x23ef4
 *(.crt0)
 .crt0          0x0000000000100000       0x94 /opt/devkitpro/devkitARM/lib/gcc/arm-none-eabi/6.3.0/../../../../arm-none-eabi/lib/armv6k/fpu/3dsx_crt0.o
                0x0000000000100000                _start
                0x0000000000100008                __service_ptr
                0x000000000010000c                __apt_appid
                0x0000000000100010                __heap_size
                0x0000000000100014                __linear_heap_size
                0x0000000000100018                __system_arglist
                0x000000000010001c                __system_runflags
 *(.init)
 .init          0x0000000000100094        0xc /opt/devkitpro/devkitARM/lib/gcc/arm-none-eabi/6.3.0/armv6k/fpu/crti.o
                0x0000000000100094                _init
 .init          0x00000000001000a0        0xc /opt/devkitpro/devkitARM/lib/gcc/arm-none-eabi/6.3.0/armv6k/fpu/crtn.o
                0x00000000001000ac                . = ALIGN (0x4)
 *(.text)
 .text          0x00000000001000ac       0x64 /home/drew/devkitPro/libctru/lib/libctru.a(stack_adjust.o)
                0x00000000001000ac                initSystem
                0x00000000001000f0                __ctru_exit
 .text          0x0000000000100110      0x240 /opt/devkitpro/devkitARM/lib/gcc/arm-none-eabi/6.3.0/armv6k/fpu/libgcc.a(_divsi3.o)
                0x0000000000100110                __aeabi_idiv
                0x0000000000100110                __divsi3
                0x0000000000100330                __aeabi_idivmod
 .text          0x0000000000100350        0x4 /opt/devkitpro/devkitARM/lib/gcc/arm-none-eabi/6.3.0/armv6k/fpu/libgcc.a(_dvmd_tls.o)
                0x0000000000100350                __aeabi_ldiv0
                0x0000000000100350                __aeabi_idiv0
 .text          0x0000000000100354      0x250 /opt/devkitpro/devkitARM/lib/gcc/arm-none-eabi/6.3.0/armv6k/fpu/libgcc.a(_arm_addsubsf3.o)
                0x0000000000100354                __aeabi_frsub
                0x000000000010035c                __subsf3
                0x000000000010035c                __aeabi_fsub
                0x0000000000100360                __aeabi_fadd
                0x0000000000100360                __addsf3
                0x00000000001004f0                __aeabi_ui2f
                0x00000000001004f0                __floatunsisf
                0x00000000001004f8                __aeabi_i2f
                0x00000000001004f8                __floatsisf
                0x0000000000100518                __floatundisf
                0x0000000000100518                __aeabi_ul2f
                0x0000000000100528                __floatdisf
                0x0000000000100528                __aeabi_l2f
 .text          0x00000000001005a4       0x3c /opt/devkitpro/devkitARM/lib/gcc/arm-none-eabi/6.3.0/armv6k/fpu/libgcc.a(_aeabi_uldivmod.o)
                0x00000000001005a4                __aeabi_uldivmod
 .text          0x00000000001005e0      0x390 /opt/devkitpro/devkitARM/lib/gcc/arm-none-eabi/6.3.0/../../../../arm-none-eabi/lib/armv6k/fpu/libg.a(lib_a-strcmp.o)
                0x00000000001005e8                strcmp
 .text          0x0000000000100970      0x20c /opt/devkitpro/devkitARM/lib/gcc/arm-none-eabi/6.3.0/armv6k/fpu/libgcc.a(_udivsi3.o)
                0x0000000000100970                __udivsi3
                0x0000000000100970                __aeabi_uidiv
                0x0000000000100b5c                __aeabi_uidivmod
 *(.text.*)
 .text.deregister_tm_clones
                0x0000000000100b7c       0x30 /opt/devkitpro/devkitARM/lib/gcc/arm-none-eabi/6.3.0/armv6k/fpu/crtbegin.o
 .text.register_tm_clones
                0x0000000000100bac       0x38 /opt/devkitpro/devkitARM/lib/gcc/arm-none-eabi/6.3.0/armv6k/fpu/crtbegin.o
 .text.__do_global_dtors_aux
                0x0000000000100be4       0x44 /opt/devkitpro/devkitARM/lib/gcc/arm-none-eabi/6.3.0/armv6k/fpu/crtbegin.o
 .text.frame_dummy
                0x0000000000100c28       0x5c /opt/devkitpro/devkitARM/lib/gcc/arm-none-eabi/6.3.0/armv6k/fpu/crtbegin.o
 .text.startup.main
                0x0000000000100c84      0x170 main.o
                0x0000000000100c84                main
 .text.sf2d_texture_tile32_hardware.part.7
                0x0000000000100df4       0x70 /home/drew/devkitPro/libctru/lib/libsf2d.a(sf2d_texture.o)
 .text.sf2d_create_texture
                0x0000000000100e64      0x118 /home/drew/devkitPro/libctru/lib/libsf2d.a(sf2d_texture.o)
                0x0000000000100e64                sf2d_create_texture
 .text.sf2d_create_rendertarget
                0x0000000000100f7c       0x94 /home/drew/devkitPro/libctru/lib/libsf2d.a(sf2d_texture.o)
                0x0000000000100f7c                sf2d_create_rendertarget
 .text.sf2d_free_texture
                0x0000000000101010       0x20 /home/drew/devkitPro/libctru/lib/libsf2d.a(sf2d_texture.o)
                0x0000000000101010                sf2d_free_texture
 .text.sf2d_clear_target
                0x0000000000101030       0x14 /home/drew/devkitPro/libctru/lib/libsf2d.a(sf2d_texture.o)
                0x0000000000101030                sf2d_clear_target
 .text.sf2d_fill_texture_from_RGBA8
                0x0000000000101044       0xac /home/drew/devkitPro/libctru/lib/libsf2d.a(sf2d_texture.o)
                0x0000000000101044                sf2d_fill_texture_from_RGBA8
 .text.sf2d_create_texture_mem_RGBA8
                0x00000000001010f0       0x44 /home/drew/devkitPro/libctru/lib/libsf2d.a(sf2d_texture.o)
                0x00000000001010f0                sf2d_create_texture_mem_RGBA8
 .text.sf2d_bind_texture
                0x0000000000101134       0x54 /home/drew/devkitPro/libctru/lib/libsf2d.a(sf2d_texture.o)
                0x0000000000101134                sf2d_bind_texture
 .text.sf2d_draw_texture
                0x0000000000101188      0x160 /home/drew/devkitPro/libctru/lib/libsf2d.a(sf2d_texture.o)
                0x0000000000101188                sf2d_draw_texture
 .text.sf2d_fini
                0x00000000001012e8       0x48 /home/drew/devkitPro/libctru/lib/libsf2d.a(sf2d.o)
                0x00000000001012e8                sf2d_fini
 .text.sf2d_start_frame_target
                0x0000000000101330       0xa0 /home/drew/devkitPro/libctru/lib/libsf2d.a(sf2d.o)
                0x0000000000101330                sf2d_start_frame_target
 .text.sf2d_start_frame
                0x00000000001013d0       0x38 /home/drew/devkitPro/libctru/lib/libsf2d.a(sf2d.o)
                0x00000000001013d0                sf2d_start_frame
 .text.sf2d_end_frame
                0x0000000000101408        0x4 /home/drew/devkitPro/libctru/lib/libsf2d.a(sf2d.o)
                0x0000000000101408                sf2d_end_frame
 .text.sf2d_swapbuffers
                0x000000000010140c       0xb0 /home/drew/devkitPro/libctru/lib/libsf2d.a(sf2d.o)
                0x000000000010140c                sf2d_swapbuffers
 .text.sf2d_pool_memalign
                0x00000000001014bc       0x40 /home/drew/devkitPro/libctru/lib/libsf2d.a(sf2d.o)
                0x00000000001014bc                sf2d_pool_memalign
 .text.sf2d_set_clear_color
                0x00000000001014fc       0x38 /home/drew/devkitPro/libctru/lib/libsf2d.a(sf2d.o)
                0x00000000001014fc                sf2d_set_clear_color
 .text.sf2d_init_advanced.part.0
                0x0000000000101534      0x1ac /home/drew/devkitPro/libctru/lib/libsf2d.a(sf2d.o)
 .text.sf2d_init
                0x00000000001016e0       0x28 /home/drew/devkitPro/libctru/lib/libsf2d.a(sf2d.o)
                0x00000000001016e0                sf2d_init
 .text.C3Di_AptEventHook
                0x0000000000101708       0x88 /home/drew/devkitPro/libctru/lib/libcitro3d.a(base.o)
 .text.C3D_Init
                0x0000000000101790      0x174 /home/drew/devkitPro/libctru/lib/libcitro3d.a(base.o)
                0x0000000000101790                C3D_Init
 .text.C3D_SetViewport
                0x0000000000101904       0x98 /home/drew/devkitPro/libctru/lib/libcitro3d.a(base.o)
                0x0000000000101904                C3D_SetViewport
 .text.C3Di_UpdateContext
                0x000000000010199c      0x584 /home/drew/devkitPro/libctru/lib/libcitro3d.a(base.o)
                0x000000000010199c                C3Di_UpdateContext
 .text.C3Di_FinalizeFrame
                0x0000000000101f20       0xe0 /home/drew/devkitPro/libctru/lib/libcitro3d.a(base.o)
                0x0000000000101f20                C3Di_FinalizeFrame
 .text.C3D_Fini
                0x0000000000102000       0x48 /home/drew/devkitPro/libctru/lib/libcitro3d.a(base.o)
                0x0000000000102000                C3D_Fini
 .text.C3D_BindProgram
                0x0000000000102048       0xd4 /home/drew/devkitPro/libctru/lib/libcitro3d.a(base.o)
                0x0000000000102048                C3D_BindProgram
 .text.C3Di_RenderQueueWaitDone
                0x000000000010211c       0x3c /home/drew/devkitPro/libctru/lib/libcitro3d.a(renderqueue.o)
 .text.updateFrameQueue.part.0
                0x0000000000102158       0xc0 /home/drew/devkitPro/libctru/lib/libcitro3d.a(renderqueue.o)
 .text.performClear.part.1
                0x0000000000102218       0x3c /home/drew/devkitPro/libctru/lib/libcitro3d.a(renderqueue.o)
 .text.clearTarget
                0x0000000000102254       0x4c /home/drew/devkitPro/libctru/lib/libcitro3d.a(renderqueue.o)
 .text.onRenderFinish
                0x00000000001022a0       0xe0 /home/drew/devkitPro/libctru/lib/libcitro3d.a(renderqueue.o)
 .text.performTransfer.part.4
                0x0000000000102380       0x78 /home/drew/devkitPro/libctru/lib/libcitro3d.a(renderqueue.o)
 .text.transferTarget
                0x00000000001023f8       0x50 /home/drew/devkitPro/libctru/lib/libcitro3d.a(renderqueue.o)
 .text.onVBlank1
                0x0000000000102448       0x24 /home/drew/devkitPro/libctru/lib/libcitro3d.a(renderqueue.o)
 .text.onVBlank0
                0x000000000010246c       0x8c /home/drew/devkitPro/libctru/lib/libcitro3d.a(renderqueue.o)
 .text.onTransferFinish
                0x00000000001024f8       0xbc /home/drew/devkitPro/libctru/lib/libcitro3d.a(renderqueue.o)
 .text.onClearDone
                0x00000000001025b4       0x70 /home/drew/devkitPro/libctru/lib/libcitro3d.a(renderqueue.o)
 .text.C3D_FrameBegin
                0x0000000000102624       0x6c /home/drew/devkitPro/libctru/lib/libcitro3d.a(renderqueue.o)
                0x0000000000102624                C3D_FrameBegin
 .text.C3D_FrameDrawOn
                0x0000000000102690       0x78 /home/drew/devkitPro/libctru/lib/libcitro3d.a(renderqueue.o)
                0x0000000000102690                C3D_FrameDrawOn
 .text.C3D_FrameEnd
                0x0000000000102708       0xcc /home/drew/devkitPro/libctru/lib/libcitro3d.a(renderqueue.o)
                0x0000000000102708                C3D_FrameEnd
 .text.C3D_RenderTargetCreate
                0x00000000001027d4      0x11c /home/drew/devkitPro/libctru/lib/libcitro3d.a(renderqueue.o)
                0x00000000001027d4                C3D_RenderTargetCreate
 .text.C3D_RenderTargetDelete
                0x00000000001028f0       0x7c /home/drew/devkitPro/libctru/lib/libcitro3d.a(renderqueue.o)
                0x00000000001028f0                C3D_RenderTargetDelete
 .text.C3Di_RenderQueueExit
                0x000000000010296c       0x84 /home/drew/devkitPro/libctru/lib/libcitro3d.a(renderqueue.o)
 .text.C3D_RenderTargetSetClear
                0x00000000001029f0       0x50 /home/drew/devkitPro/libctru/lib/libcitro3d.a(renderqueue.o)
                0x00000000001029f0                C3D_RenderTargetSetClear
 .text.C3D_RenderTargetSetOutput
                0x0000000000102a40       0x58 /home/drew/devkitPro/libctru/lib/libcitro3d.a(renderqueue.o)
                0x0000000000102a40                C3D_RenderTargetSetOutput
 .text.C3D_SafeDisplayTransfer
                0x0000000000102a98       0x90 /home/drew/devkitPro/libctru/lib/libcitro3d.a(renderqueue.o)
                0x0000000000102a98                C3D_SafeDisplayTransfer
 .text.C3D_TexInit
                0x0000000000102b28       0xb8 /home/drew/devkitPro/libctru/lib/libcitro3d.a(texture.o)
                0x0000000000102b28                C3D_TexInit
 .text.C3D_TexInitVRAM
                0x0000000000102be0       0xb8 /home/drew/devkitPro/libctru/lib/libcitro3d.a(texture.o)
                0x0000000000102be0                C3D_TexInitVRAM
 .text.C3D_TexSetWrap
                0x0000000000102c98       0x28 /home/drew/devkitPro/libctru/lib/libcitro3d.a(texture.o)
                0x0000000000102c98                C3D_TexSetWrap
 .text.C3D_TexBind
                0x0000000000102cc0       0x34 /home/drew/devkitPro/libctru/lib/libcitro3d.a(texture.o)
                0x0000000000102cc0                C3D_TexBind
 .text.C3D_TexDelete
                0x0000000000102cf4       0x3c /home/drew/devkitPro/libctru/lib/libcitro3d.a(texture.o)
                0x0000000000102cf4                C3D_TexDelete
 .text.TexEnv_Init
                0x0000000000102d30       0x34 /home/drew/devkitPro/libctru/lib/libcitro3d.a(texenv.o)
                0x0000000000102d30                TexEnv_Init
 .text.C3D_GetTexEnv
                0x0000000000102d64       0x34 /home/drew/devkitPro/libctru/lib/libcitro3d.a(texenv.o)
                0x0000000000102d64                C3D_GetTexEnv
 .text.C3Di_TexEnvBind
                0x0000000000102d98       0x24 /home/drew/devkitPro/libctru/lib/libcitro3d.a(texenv.o)
                0x0000000000102d98                C3Di_TexEnvBind
 .text.BufInfo_Init
                0x0000000000102dbc       0x20 /home/drew/devkitPro/libctru/lib/libcitro3d.a(buffers.o)
                0x0000000000102dbc                BufInfo_Init
 .text.BufInfo_Add
                0x0000000000102ddc       0x84 /home/drew/devkitPro/libctru/lib/libcitro3d.a(buffers.o)
                0x0000000000102ddc                BufInfo_Add
 .text.C3D_GetBufInfo
                0x0000000000102e60       0x24 /home/drew/devkitPro/libctru/lib/libcitro3d.a(buffers.o)
                0x0000000000102e60                C3D_GetBufInfo
 .text.C3Di_BufInfoBind
                0x0000000000102e84       0x48 /home/drew/devkitPro/libctru/lib/libcitro3d.a(buffers.o)
                0x0000000000102e84                C3Di_BufInfoBind
 .text.C3D_DrawArrays
                0x0000000000102ecc      0x148 /home/drew/devkitPro/libctru/lib/libcitro3d.a(drawArrays.o)
                0x0000000000102ecc                C3D_DrawArrays
 .text.C3D_DepthMap
                0x0000000000103014       0x3c /home/drew/devkitPro/libctru/lib/libcitro3d.a(effect.o)
                0x0000000000103014                C3D_DepthMap
 .text.C3D_CullFace
                0x0000000000103050       0x1c /home/drew/devkitPro/libctru/lib/libcitro3d.a(effect.o)
                0x0000000000103050                C3D_CullFace
 .text.C3D_StencilTest
                0x000000000010306c       0x40 /home/drew/devkitPro/libctru/lib/libcitro3d.a(effect.o)
                0x000000000010306c                C3D_StencilTest
 .text.C3D_StencilOp
                0x00000000001030ac       0x24 /home/drew/devkitPro/libctru/lib/libcitro3d.a(effect.o)
                0x00000000001030ac                C3D_StencilOp
 .text.C3D_BlendingColor
                0x00000000001030d0       0x1c /home/drew/devkitPro/libctru/lib/libcitro3d.a(effect.o)
                0x00000000001030d0                C3D_BlendingColor
 .text.C3D_DepthTest
                0x00000000001030ec       0x2c /home/drew/devkitPro/libctru/lib/libcitro3d.a(effect.o)
                0x00000000001030ec                C3D_DepthTest
 .text.C3D_AlphaTest
                0x0000000000103118       0x2c /home/drew/devkitPro/libctru/lib/libcitro3d.a(effect.o)
                0x0000000000103118                C3D_AlphaTest
 .text.C3D_AlphaBlend
                0x0000000000103144       0x50 /home/drew/devkitPro/libctru/lib/libcitro3d.a(effect.o)
                0x0000000000103144                C3D_AlphaBlend
 .text.C3D_FragOpMode
                0x0000000000103194       0x30 /home/drew/devkitPro/libctru/lib/libcitro3d.a(effect.o)
                0x0000000000103194                C3D_FragOpMode
 .text.C3Di_EffectBind
                0x00000000001031c4      0x11c /home/drew/devkitPro/libctru/lib/libcitro3d.a(effect.o)
                0x00000000001031c4                C3Di_EffectBind
 .text.AttrInfo_Init
                0x00000000001032e0       0x28 /home/drew/devkitPro/libctru/lib/libcitro3d.a(attribs.o)
                0x00000000001032e0                AttrInfo_Init
 .text.AttrInfo_AddLoader
                0x0000000000103308       0xac /home/drew/devkitPro/libctru/lib/libcitro3d.a(attribs.o)
                0x0000000000103308                AttrInfo_AddLoader
 .text.C3D_GetAttrInfo
                0x00000000001033b4       0x24 /home/drew/devkitPro/libctru/lib/libcitro3d.a(attribs.o)
                0x00000000001033b4                C3D_GetAttrInfo
 .text.C3Di_AttrInfoBind
                0x00000000001033d8       0x80 /home/drew/devkitPro/libctru/lib/libcitro3d.a(attribs.o)
                0x00000000001033d8                C3Di_AttrInfoBind
 .text.C3D_ImmSendAttrib
                0x0000000000103458       0xb4 /home/drew/devkitPro/libctru/lib/libcitro3d.a(immediate.o)
                0x0000000000103458                C3D_ImmSendAttrib
 .text.C3D_RenderBufInit
                0x000000000010350c       0xa4 /home/drew/devkitPro/libctru/lib/libcitro3d.a(renderbuffer.o)
                0x000000000010350c                C3D_RenderBufInit
 .text.C3D_RenderBufClearAsync
                0x00000000001035b0       0x80 /home/drew/devkitPro/libctru/lib/libcitro3d.a(renderbuffer.o)
                0x00000000001035b0                C3D_RenderBufClearAsync
 .text.C3D_RenderBufTransferAsync
                0x0000000000103630       0x28 /home/drew/devkitPro/libctru/lib/libcitro3d.a(renderbuffer.o)
                0x0000000000103630                C3D_RenderBufTransferAsync
 .text.C3D_RenderBufBind
                0x0000000000103658       0x38 /home/drew/devkitPro/libctru/lib/libcitro3d.a(renderbuffer.o)
                0x0000000000103658                C3D_RenderBufBind
 .text.C3Di_RenderBufBind
                0x0000000000103690      0x170 /home/drew/devkitPro/libctru/lib/libcitro3d.a(renderbuffer.o)
                0x0000000000103690                C3Di_RenderBufBind
 .text.C3D_RenderBufDelete
                0x0000000000103800       0x18 /home/drew/devkitPro/libctru/lib/libcitro3d.a(renderbuffer.o)
                0x0000000000103800                C3D_RenderBufDelete
 .text.C3D_UpdateUniforms
                0x0000000000103818      0x2b4 /home/drew/devkitPro/libctru/lib/libcitro3d.a(uniforms.o)
                0x0000000000103818                C3D_UpdateUniforms
 .text.C3Di_DirtyUniforms
                0x0000000000103acc       0xc0 /home/drew/devkitPro/libctru/lib/libcitro3d.a(uniforms.o)
                0x0000000000103acc                C3Di_DirtyUniforms
 .text.C3Di_LoadShaderUniforms
                0x0000000000103b8c       0xe8 /home/drew/devkitPro/libctru/lib/libcitro3d.a(uniforms.o)
                0x0000000000103b8c                C3Di_LoadShaderUniforms
 .text.C3Di_ClearShaderUniforms
                0x0000000000103c74       0x28 /home/drew/devkitPro/libctru/lib/libcitro3d.a(uniforms.o)
                0x0000000000103c74                C3Di_ClearShaderUniforms
 .text.Mtx_OrthoTilt
                0x0000000000103c9c       0xc8 /home/drew/devkitPro/libctru/lib/libcitro3d.a(mtx_orthotilt.o)
                0x0000000000103c9c                Mtx_OrthoTilt
 .text._ZL21addrMapNodeComparatorPK11rbtree_nodeS1_
                0x0000000000103d64       0x24 /home/drew/devkitPro/libctru/lib/libctru.a(linear.o)
 .text._ZL21addrMapNodeDestructorP11rbtree_node
                0x0000000000103d88        0x4 /home/drew/devkitPro/libctru/lib/libctru.a(linear.o)
 .text.linearMemAlign
                0x0000000000103d8c      0x13c /home/drew/devkitPro/libctru/lib/libctru.a(linear.o)
                0x0000000000103d8c                linearMemAlign
 .text.linearAlloc
                0x0000000000103ec8        0x8 /home/drew/devkitPro/libctru/lib/libctru.a(linear.o)
                0x0000000000103ec8                linearAlloc
 .text.linearFree
                0x0000000000103ed0       0x50 /home/drew/devkitPro/libctru/lib/libctru.a(linear.o)
                0x0000000000103ed0                linearFree
 .text._ZL21addrMapNodeComparatorPK11rbtree_nodeS1_
                0x0000000000103f20       0x24 /home/drew/devkitPro/libctru/lib/libctru.a(vram.o)
 .text._ZL21addrMapNodeDestructorP11rbtree_node
                0x0000000000103f44        0x4 /home/drew/devkitPro/libctru/lib/libctru.a(vram.o)
 .text.vramMemAlign
                0x0000000000103f48      0x12c /home/drew/devkitPro/libctru/lib/libctru.a(vram.o)
                0x0000000000103f48                vramMemAlign
 .text.vramAlloc
                0x0000000000104074        0x8 /home/drew/devkitPro/libctru/lib/libctru.a(vram.o)
                0x0000000000104074                vramAlloc
 .text.vramFree
                0x000000000010407c       0x50 /home/drew/devkitPro/libctru/lib/libctru.a(vram.o)
                0x000000000010407c                vramFree
 .text.gfxSetFramebufferInfo.part.0
                0x00000000001040cc       0x8c /home/drew/devkitPro/libctru/lib/libctru.a(gfx.o)
 .text.gfxSet3D
                0x0000000000104158       0x10 /home/drew/devkitPro/libctru/lib/libctru.a(gfx.o)
                0x0000000000104158                gfxSet3D
 .text.gfxIs3D  0x0000000000104168       0x10 /home/drew/devkitPro/libctru/lib/libctru.a(gfx.o)
                0x0000000000104168                gfxIs3D
 .text.__get_bytes_per_pixel
                0x0000000000104178       0x18 /home/drew/devkitPro/libctru/lib/libctru.a(gfx.o)
                0x0000000000104178                __get_bytes_per_pixel
 .text.gfxSetScreenFormat
                0x0000000000104190      0x174 /home/drew/devkitPro/libctru/lib/libctru.a(gfx.o)
                0x0000000000104190                gfxSetScreenFormat
 .text.gfxSetDoubleBuffering
                0x0000000000104304       0x14 /home/drew/devkitPro/libctru/lib/libctru.a(gfx.o)
                0x0000000000104304                gfxSetDoubleBuffering
 .text.gfxSetFramebufferInfo
                0x0000000000104318       0x70 /home/drew/devkitPro/libctru/lib/libctru.a(gfx.o)
                0x0000000000104318                gfxSetFramebufferInfo
 .text.gfxWriteFramebufferInfo
                0x0000000000104388       0x88 /home/drew/devkitPro/libctru/lib/libctru.a(gfx.o)
                0x0000000000104388                gfxWriteFramebufferInfo
 .text.gfxInit  0x0000000000104410      0x1fc /home/drew/devkitPro/libctru/lib/libctru.a(gfx.o)
                0x0000000000104410                gfxInit
 .text.gfxInitDefault
                0x000000000010460c       0x10 /home/drew/devkitPro/libctru/lib/libctru.a(gfx.o)
                0x000000000010460c                gfxInitDefault
 .text.gfxExit  0x000000000010461c       0xe0 /home/drew/devkitPro/libctru/lib/libctru.a(gfx.o)
                0x000000000010461c                gfxExit
 .text.gfxGetFramebuffer
                0x00000000001046fc       0xb0 /home/drew/devkitPro/libctru/lib/libctru.a(gfx.o)
                0x00000000001046fc                gfxGetFramebuffer
 .text.gfxFlushBuffers
                0x00000000001047ac       0xc8 /home/drew/devkitPro/libctru/lib/libctru.a(gfx.o)
                0x00000000001047ac                gfxFlushBuffers
 .text.gfxConfigScreen
                0x0000000000104874       0x70 /home/drew/devkitPro/libctru/lib/libctru.a(gfx.o)
                0x0000000000104874                gfxConfigScreen
 .text.gfxSwapBuffersGpu
                0x00000000001048e4       0x20 /home/drew/devkitPro/libctru/lib/libctru.a(gfx.o)
                0x00000000001048e4                gfxSwapBuffersGpu
 .text.debug_write
                0x0000000000104904       0x1c /home/drew/devkitPro/libctru/lib/libctru.a(console.o)
                0x0000000000104904                debug_write
 .text.consoleDrawChar
                0x0000000000104920      0x1b0 /home/drew/devkitPro/libctru/lib/libctru.a(console.o)
                0x0000000000104920                consoleDrawChar
 .text.consolePrintChar
                0x0000000000104ad0      0x124 /home/drew/devkitPro/libctru/lib/libctru.a(console.o)
                0x0000000000104ad0                consolePrintChar
 .text.consoleCls
                0x0000000000104bf4      0x190 /home/drew/devkitPro/libctru/lib/libctru.a(console.o)
 .text.consoleInit
                0x0000000000104d84       0xf8 /home/drew/devkitPro/libctru/lib/libctru.a(console.o)
                0x0000000000104d84                consoleInit
 .text.consoleClearLine
                0x0000000000104e7c      0x144 /home/drew/devkitPro/libctru/lib/libctru.a(console.o)
 .text.newRow   0x0000000000104fc0       0xbc /home/drew/devkitPro/libctru/lib/libctru.a(console.o)
 .text.con_write
                0x000000000010507c      0x79c /home/drew/devkitPro/libctru/lib/libctru.a(console.o)
                0x000000000010507c                con_write
 .text.getSysTime
                0x0000000000105818       0x58 /home/drew/devkitPro/libctru/lib/libctru.a(os.o)
 .text.osConvertVirtToPhys
                0x0000000000105870       0x4c /home/drew/devkitPro/libctru/lib/libctru.a(os.o)
                0x0000000000105870                osConvertVirtToPhys
 .text.osGetMemRegionUsed
                0x00000000001058bc       0x24 /home/drew/devkitPro/libctru/lib/libctru.a(os.o)
                0x00000000001058bc                osGetMemRegionUsed
 .text.__libctru_gtod
                0x00000000001058e0       0xf4 /home/drew/devkitPro/libctru/lib/libctru.a(os.o)
                0x00000000001058e0                __libctru_gtod
 *fill*         0x00000000001059d4        0x4 
 .text.osGetTime
                0x00000000001059d8       0x78 /home/drew/devkitPro/libctru/lib/libctru.a(os.o)
                0x00000000001059d8                osGetTime
 .text.__ctru_speedup_config
                0x0000000000105a50       0x34 /home/drew/devkitPro/libctru/lib/libctru.a(os.o)
                0x0000000000105a50                __ctru_speedup_config
 .text.GPUCMD_SetBuffer
                0x0000000000105a84       0x2c /home/drew/devkitPro/libctru/lib/libctru.a(gpu.o)
                0x0000000000105a84                GPUCMD_SetBuffer
 .text.GPUCMD_GetBuffer
                0x0000000000105ab0       0x40 /home/drew/devkitPro/libctru/lib/libctru.a(gpu.o)
                0x0000000000105ab0                GPUCMD_GetBuffer
 .text.GPUCMD_Add
                0x0000000000105af0      0x108 /home/drew/devkitPro/libctru/lib/libctru.a(gpu.o)
                0x0000000000105af0                GPUCMD_Add
 .text.GPUCMD_Finalize
                0x0000000000105bf8       0x98 /home/drew/devkitPro/libctru/lib/libctru.a(gpu.o)
                0x0000000000105bf8                GPUCMD_Finalize
 .text.f32tof24
                0x0000000000105c90       0x44 /home/drew/devkitPro/libctru/lib/libctru.a(gpu.o)
                0x0000000000105c90                f32tof24
 .text.f32tof31
                0x0000000000105cd4       0x40 /home/drew/devkitPro/libctru/lib/libctru.a(gpu.o)
                0x0000000000105cd4                f32tof31
 .text.GX_ProcessCommandList
                0x0000000000105d14       0x54 /home/drew/devkitPro/libctru/lib/libctru.a(gx.o)
                0x0000000000105d14                GX_ProcessCommandList
 .text.GX_MemoryFill
                0x0000000000105d68       0x60 /home/drew/devkitPro/libctru/lib/libctru.a(gx.o)
                0x0000000000105d68                GX_MemoryFill
 .text.GX_DisplayTransfer
                0x0000000000105dc8       0x50 /home/drew/devkitPro/libctru/lib/libctru.a(gx.o)
                0x0000000000105dc8                GX_DisplayTransfer
 .text.GX_FlushCacheRegions
                0x0000000000105e18       0x54 /home/drew/devkitPro/libctru/lib/libctru.a(gx.o)
                0x0000000000105e18                GX_FlushCacheRegions
 .text.DVLB_Free
                0x0000000000105e6c       0x38 /home/drew/devkitPro/libctru/lib/libctru.a(shbin.o)
                0x0000000000105e6c                DVLB_Free
 .text.DVLE_GetUniformRegister
                0x0000000000105ea4       0x78 /home/drew/devkitPro/libctru/lib/libctru.a(shbin.o)
                0x0000000000105ea4                DVLE_GetUniformRegister
 .text.DVLE_GenerateOutmap
                0x0000000000105f1c      0x1ec /home/drew/devkitPro/libctru/lib/libctru.a(shbin.o)
                0x0000000000105f1c                DVLE_GenerateOutmap
 .text.DVLB_ParseFile
                0x0000000000106108      0x1c0 /home/drew/devkitPro/libctru/lib/libctru.a(shbin.o)
                0x0000000000106108                DVLB_ParseFile
 .text.shaderInstanceInit
                0x00000000001062c8      0x1f4 /home/drew/devkitPro/libctru/lib/libctru.a(shaderProgram.o)
                0x00000000001062c8                shaderInstanceInit
 .text.shaderInstanceFree
                0x00000000001064bc       0x34 /home/drew/devkitPro/libctru/lib/libctru.a(shaderProgram.o)
                0x00000000001064bc                shaderInstanceFree
 .text.shaderInstanceGetUniformLocation
                0x00000000001064f0       0x18 /home/drew/devkitPro/libctru/lib/libctru.a(shaderProgram.o)
                0x00000000001064f0                shaderInstanceGetUniformLocation
 .text.shaderProgramInit
                0x0000000000106508       0x18 /home/drew/devkitPro/libctru/lib/libctru.a(shaderProgram.o)
                0x0000000000106508                shaderProgramInit
 .text.shaderProgramFree
                0x0000000000106520       0x2c /home/drew/devkitPro/libctru/lib/libctru.a(shaderProgram.o)
                0x0000000000106520                shaderProgramFree
 .text.shaderProgramSetVsh
                0x000000000010654c       0x6c /home/drew/devkitPro/libctru/lib/libctru.a(shaderProgram.o)
                0x000000000010654c                shaderProgramSetVsh
 .text.shaderProgramConfigure
                0x00000000001065b8      0x894 /home/drew/devkitPro/libctru/lib/libctru.a(shaderProgram.o)
                0x00000000001065b8                shaderProgramConfigure
 .text.ptmSysmInit
                0x0000000000106e4c       0x70 /home/drew/devkitPro/libctru/lib/libctru.a(ptmsysm.o)
                0x0000000000106e4c                ptmSysmInit
 .text.ptmSysmExit
                0x0000000000106ebc       0x34 /home/drew/devkitPro/libctru/lib/libctru.a(ptmsysm.o)
                0x0000000000106ebc                ptmSysmExit
 .text.PTMSYSM_ConfigureNew3DSCPU
                0x0000000000106ef0       0x34 /home/drew/devkitPro/libctru/lib/libctru.a(ptmsysm.o)
                0x0000000000106ef0                PTMSYSM_ConfigureNew3DSCPU
 .text.hidExit  0x0000000000106f24       0xd0 /home/drew/devkitPro/libctru/lib/libctru.a(hid.o)
                0x0000000000106f24                hidExit
 .text.hidScanInput
                0x0000000000106ff4      0x234 /home/drew/devkitPro/libctru/lib/libctru.a(hid.o)
                0x0000000000106ff4                hidScanInput
 .text.hidKeysHeld
                0x0000000000107228       0x10 /home/drew/devkitPro/libctru/lib/libctru.a(hid.o)
                0x0000000000107228                hidKeysHeld
 .text.hidKeysDown
                0x0000000000107238       0x10 /home/drew/devkitPro/libctru/lib/libctru.a(hid.o)
                0x0000000000107238                hidKeysDown
 .text.hidKeysUp
                0x0000000000107248       0x10 /home/drew/devkitPro/libctru/lib/libctru.a(hid.o)
                0x0000000000107248                hidKeysUp
 .text.HIDUSER_GetHandles
                0x0000000000107258       0x90 /home/drew/devkitPro/libctru/lib/libctru.a(hid.o)
                0x0000000000107258                HIDUSER_GetHandles
 .text.hidInit  0x00000000001072e8      0x18c /home/drew/devkitPro/libctru/lib/libctru.a(hid.o)
                0x00000000001072e8                hidInit
 .text._aptDebug
                0x0000000000107474        0x4 /home/drew/devkitPro/libctru/lib/libctru.a(apt.o)
                0x0000000000107474                _aptDebug
 .text.aptSendCommand
                0x0000000000107478      0x130 /home/drew/devkitPro/libctru/lib/libctru.a(apt.o)
                0x0000000000107478                aptSendCommand
 .text.aptExitProcess
                0x00000000001075a8       0x3c /home/drew/devkitPro/libctru/lib/libctru.a(apt.o)
 .text.aptHook  0x00000000001075e4       0x38 /home/drew/devkitPro/libctru/lib/libctru.a(apt.o)
                0x00000000001075e4                aptHook
 .text.aptUnhook
                0x000000000010761c       0x2c /home/drew/devkitPro/libctru/lib/libctru.a(apt.o)
                0x000000000010761c                aptUnhook
 .text.APT_InquireNotification
                0x0000000000107648       0x4c /home/drew/devkitPro/libctru/lib/libctru.a(apt.o)
                0x0000000000107648                APT_InquireNotification
 .text.aptEventHandler
                0x0000000000107694      0x19c /home/drew/devkitPro/libctru/lib/libctru.a(apt.o)
 .text.APT_AppletUtility
                0x0000000000107830       0x74 /home/drew/devkitPro/libctru/lib/libctru.a(apt.o)
                0x0000000000107830                APT_AppletUtility
 .text.aptSetSleepAllowed
                0x00000000001078a4       0xb4 /home/drew/devkitPro/libctru/lib/libctru.a(apt.o)
                0x00000000001078a4                aptSetSleepAllowed
 .text.APT_GlanceParameter
                0x0000000000107958       0xb4 /home/drew/devkitPro/libctru/lib/libctru.a(apt.o)
                0x0000000000107958                APT_GlanceParameter
 .text.APT_ReceiveParameter
                0x0000000000107a0c       0xc0 /home/drew/devkitPro/libctru/lib/libctru.a(apt.o)
                0x0000000000107a0c                APT_ReceiveParameter
 .text.aptReceiveParameter.constprop.1
                0x0000000000107acc       0xa8 /home/drew/devkitPro/libctru/lib/libctru.a(apt.o)
 *fill*         0x0000000000107b74        0x4 
 .text.aptScreenTransfer
                0x0000000000107b78      0x1ec /home/drew/devkitPro/libctru/lib/libctru.a(apt.o)
 .text.aptWaitForWakeUp
                0x0000000000107d64      0x228 /home/drew/devkitPro/libctru/lib/libctru.a(apt.o)
 .text.APT_CancelParameter
                0x0000000000107f8c       0x70 /home/drew/devkitPro/libctru/lib/libctru.a(apt.o)
                0x0000000000107f8c                APT_CancelParameter
 .text.aptInit  0x0000000000107ffc      0x230 /home/drew/devkitPro/libctru/lib/libctru.a(apt.o)
                0x0000000000107ffc                aptInit
 .text.aptClearParamQueue
                0x000000000010822c       0x8c /home/drew/devkitPro/libctru/lib/libctru.a(apt.o)
 .text.aptMainLoop
                0x00000000001082b8      0x214 /home/drew/devkitPro/libctru/lib/libctru.a(apt.o)
                0x00000000001082b8                aptMainLoop
 .text.aptExit  0x00000000001084cc      0x148 /home/drew/devkitPro/libctru/lib/libctru.a(apt.o)
                0x00000000001084cc                aptExit
 .text.APT_CheckNew3DS
                0x0000000000108614       0x70 /home/drew/devkitPro/libctru/lib/libctru.a(apt.o)
                0x0000000000108614                APT_CheckNew3DS
 .text.gspEventThreadMain
                0x0000000000108684      0x160 /home/drew/devkitPro/libctru/lib/libctru.a(gspgpu.o)
 .text.gspInit  0x00000000001087e4       0x74 /home/drew/devkitPro/libctru/lib/libctru.a(gspgpu.o)
                0x00000000001087e4                gspInit
 .text.gspExit  0x0000000000108858       0x3c /home/drew/devkitPro/libctru/lib/libctru.a(gspgpu.o)
                0x0000000000108858                gspExit
 .text.gspSetEventCallback
                0x0000000000108894       0x2c /home/drew/devkitPro/libctru/lib/libctru.a(gspgpu.o)
                0x0000000000108894                gspSetEventCallback
 .text.gspInitEventHandler
                0x00000000001088c0       0x88 /home/drew/devkitPro/libctru/lib/libctru.a(gspgpu.o)
                0x00000000001088c0                gspInitEventHandler
 .text.gspExitEventHandler
                0x0000000000108948       0x30 /home/drew/devkitPro/libctru/lib/libctru.a(gspgpu.o)
                0x0000000000108948                gspExitEventHandler
 .text.gspWaitForEvent
                0x0000000000108978       0x44 /home/drew/devkitPro/libctru/lib/libctru.a(gspgpu.o)
                0x0000000000108978                gspWaitForEvent
 .text.gspWaitForAnyEvent
                0x00000000001089bc       0x6c /home/drew/devkitPro/libctru/lib/libctru.a(gspgpu.o)
                0x00000000001089bc                gspWaitForAnyEvent
 .text.gspSubmitGxCommand
                0x0000000000108a28      0x124 /home/drew/devkitPro/libctru/lib/libctru.a(gspgpu.o)
                0x0000000000108a28                gspSubmitGxCommand
 .text.GSPGPU_SetBufferSwap
                0x0000000000108b4c       0x6c /home/drew/devkitPro/libctru/lib/libctru.a(gspgpu.o)
                0x0000000000108b4c                GSPGPU_SetBufferSwap
 .text.GSPGPU_FlushDataCache
                0x0000000000108bb8       0x4c /home/drew/devkitPro/libctru/lib/libctru.a(gspgpu.o)
                0x0000000000108bb8                GSPGPU_FlushDataCache
 .text.GSPGPU_SetLcdForceBlack
                0x0000000000108c04       0x34 /home/drew/devkitPro/libctru/lib/libctru.a(gspgpu.o)
                0x0000000000108c04                GSPGPU_SetLcdForceBlack
 .text.GSPGPU_RegisterInterruptRelayQueue
                0x0000000000108c38       0x64 /home/drew/devkitPro/libctru/lib/libctru.a(gspgpu.o)
                0x0000000000108c38                GSPGPU_RegisterInterruptRelayQueue
 .text.GSPGPU_UnregisterInterruptRelayQueue
                0x0000000000108c9c       0x2c /home/drew/devkitPro/libctru/lib/libctru.a(gspgpu.o)
                0x0000000000108c9c                GSPGPU_UnregisterInterruptRelayQueue
 .text.GSPGPU_AcquireRight
                0x0000000000108cc8       0x48 /home/drew/devkitPro/libctru/lib/libctru.a(gspgpu.o)
                0x0000000000108cc8                GSPGPU_AcquireRight
 .text.GSPGPU_ReleaseRight
                0x0000000000108d10       0x2c /home/drew/devkitPro/libctru/lib/libctru.a(gspgpu.o)
                0x0000000000108d10                GSPGPU_ReleaseRight
 .text.GSPGPU_ImportDisplayCaptureInfo
                0x0000000000108d3c       0x80 /home/drew/devkitPro/libctru/lib/libctru.a(gspgpu.o)
                0x0000000000108d3c                GSPGPU_ImportDisplayCaptureInfo
 .text.GSPGPU_SaveVramSysArea
                0x0000000000108dbc       0x2c /home/drew/devkitPro/libctru/lib/libctru.a(gspgpu.o)
                0x0000000000108dbc                GSPGPU_SaveVramSysArea
 .text.GSPGPU_RestoreVramSysArea
                0x0000000000108de8       0x2c /home/drew/devkitPro/libctru/lib/libctru.a(gspgpu.o)
                0x0000000000108de8                GSPGPU_RestoreVramSysArea
 .text.irrstScanInput
                0x0000000000108e14       0xb0 /home/drew/devkitPro/libctru/lib/libctru.a(irrst.o)
                0x0000000000108e14                irrstScanInput
 .text.irrstKeysHeld
                0x0000000000108ec4       0x1c /home/drew/devkitPro/libctru/lib/libctru.a(irrst.o)
                0x0000000000108ec4                irrstKeysHeld
 .text.IRRST_GetHandles
                0x0000000000108ee0       0x50 /home/drew/devkitPro/libctru/lib/libctru.a(irrst.o)
                0x0000000000108ee0                IRRST_GetHandles
 .text.irrstInit
                0x0000000000108f30      0x150 /home/drew/devkitPro/libctru/lib/libctru.a(irrst.o)
                0x0000000000108f30                irrstInit
 .text.IRRST_Shutdown
                0x0000000000109080       0x2c /home/drew/devkitPro/libctru/lib/libctru.a(irrst.o)
                0x0000000000109080                IRRST_Shutdown
 .text.irrstExit
                0x00000000001090ac       0xac /home/drew/devkitPro/libctru/lib/libctru.a(irrst.o)
                0x00000000001090ac                irrstExit
 .text.rbtree_find
                0x0000000000109158       0x70 /home/drew/devkitPro/libctru/lib/libctru.a(rbtree_find.o)
                0x0000000000109158                rbtree_find
 .text.rbtree_remove
                0x00000000001091c8      0x324 /home/drew/devkitPro/libctru/lib/libctru.a(rbtree_remove.o)
                0x00000000001091c8                rbtree_remove
 .text.rbtree_node_next
                0x00000000001094ec       0x74 /home/drew/devkitPro/libctru/lib/libctru.a(rbtree_iterator.o)
                0x00000000001094ec                rbtree_node_next
 .text.rbtree_rotate
                0x0000000000109560       0x94 /home/drew/devkitPro/libctru/lib/libctru.a(rbtree_rotate.o)
                0x0000000000109560                rbtree_rotate
 .text.do_insert
                0x00000000001095f4      0x18c /home/drew/devkitPro/libctru/lib/libctru.a(rbtree_insert.o)
 .text.rbtree_insert
                0x0000000000109780        0x8 /home/drew/devkitPro/libctru/lib/libctru.a(rbtree_insert.o)
                0x0000000000109780                rbtree_insert
 .text.rbtree_init
                0x0000000000109788       0x14 /home/drew/devkitPro/libctru/lib/libctru.a(rbtree_init.o)
                0x0000000000109788                rbtree_init
 .text.__system_initArgv
                0x000000000010979c       0xe8 /home/drew/devkitPro/libctru/lib/libctru.a(initArgv.o)
                0x000000000010979c                __system_initArgv
 .text.osGetMemRegionSize
                0x0000000000109884       0x58 /home/drew/devkitPro/libctru/lib/libctru.a(allocateHeaps.o)
 .text.__system_allocateHeaps
                0x00000000001098dc      0x104 /home/drew/devkitPro/libctru/lib/libctru.a(allocateHeaps.o)
                0x00000000001098dc                __system_allocateHeaps
 .text.__libctru_init
                0x00000000001099e0       0x38 /home/drew/devkitPro/libctru/lib/libctru.a(initSystem.o)
                0x00000000001099e0                __libctru_init
 .text.svcControlMemory
                0x0000000000109a18       0x20 /home/drew/devkitPro/libctru/lib/libctru.a(svc.o)
                0x0000000000109a18                svcControlMemory
 .text.svcExitProcess
                0x0000000000109a38        0x8 /home/drew/devkitPro/libctru/lib/libctru.a(svc.o)
                0x0000000000109a38                svcExitProcess
 .text.svcCreateThread
                0x0000000000109a40       0x20 /home/drew/devkitPro/libctru/lib/libctru.a(svc.o)
                0x0000000000109a40                svcCreateThread
 .text.svcExitThread
                0x0000000000109a60        0x8 /home/drew/devkitPro/libctru/lib/libctru.a(svc.o)
                0x0000000000109a60                svcExitThread
 .text.svcSleepThread
                0x0000000000109a68        0x8 /home/drew/devkitPro/libctru/lib/libctru.a(svc.o)
                0x0000000000109a68                svcSleepThread
 .text.svcReleaseMutex
                0x0000000000109a70        0x8 /home/drew/devkitPro/libctru/lib/libctru.a(svc.o)
                0x0000000000109a70                svcReleaseMutex
 .text.svcCreateEvent
                0x0000000000109a78       0x14 /home/drew/devkitPro/libctru/lib/libctru.a(svc.o)
                0x0000000000109a78                svcCreateEvent
 .text.svcSignalEvent
                0x0000000000109a8c        0x8 /home/drew/devkitPro/libctru/lib/libctru.a(svc.o)
                0x0000000000109a8c                svcSignalEvent
 .text.svcClearEvent
                0x0000000000109a94        0x8 /home/drew/devkitPro/libctru/lib/libctru.a(svc.o)
                0x0000000000109a94                svcClearEvent
 .text.svcMapMemoryBlock
                0x0000000000109a9c        0x8 /home/drew/devkitPro/libctru/lib/libctru.a(svc.o)
                0x0000000000109a9c                svcMapMemoryBlock
 .text.svcUnmapMemoryBlock
                0x0000000000109aa4        0x8 /home/drew/devkitPro/libctru/lib/libctru.a(svc.o)
                0x0000000000109aa4                svcUnmapMemoryBlock
 .text.svcCreateAddressArbiter
                0x0000000000109aac       0x14 /home/drew/devkitPro/libctru/lib/libctru.a(svc.o)
                0x0000000000109aac                svcCreateAddressArbiter
 .text.svcArbitrateAddress
                0x0000000000109ac0       0x18 /home/drew/devkitPro/libctru/lib/libctru.a(svc.o)
                0x0000000000109ac0                svcArbitrateAddress
 .text.svcCloseHandle
                0x0000000000109ad8        0x8 /home/drew/devkitPro/libctru/lib/libctru.a(svc.o)
                0x0000000000109ad8                svcCloseHandle
 .text.svcWaitSynchronization
                0x0000000000109ae0        0x8 /home/drew/devkitPro/libctru/lib/libctru.a(svc.o)
                0x0000000000109ae0                svcWaitSynchronization
 .text.svcWaitSynchronizationN
                0x0000000000109ae8       0x28 /home/drew/devkitPro/libctru/lib/libctru.a(svc.o)
                0x0000000000109ae8                svcWaitSynchronizationN
 .text.svcDuplicateHandle
                0x0000000000109b10       0x14 /home/drew/devkitPro/libctru/lib/libctru.a(svc.o)
                0x0000000000109b10                svcDuplicateHandle
 .text.svcGetSystemTick
                0x0000000000109b24        0x8 /home/drew/devkitPro/libctru/lib/libctru.a(svc.o)
                0x0000000000109b24                svcGetSystemTick
 .text.svcGetSystemInfo
                0x0000000000109b2c       0x18 /home/drew/devkitPro/libctru/lib/libctru.a(svc.o)
                0x0000000000109b2c                svcGetSystemInfo
 .text.svcConnectToPort
                0x0000000000109b44       0x14 /home/drew/devkitPro/libctru/lib/libctru.a(svc.o)
                0x0000000000109b44                svcConnectToPort
 .text.svcSendSyncRequest
                0x0000000000109b58        0x8 /home/drew/devkitPro/libctru/lib/libctru.a(svc.o)
                0x0000000000109b58                svcSendSyncRequest
 .text.svcBreak
                0x0000000000109b60        0x8 /home/drew/devkitPro/libctru/lib/libctru.a(svc.o)
                0x0000000000109b60                svcBreak
 .text.svcOutputDebugString
                0x0000000000109b68        0x8 /home/drew/devkitPro/libctru/lib/libctru.a(svc.o)
                0x0000000000109b68                svcOutputDebugString
 .text._ZN7MemPool13CoalesceRightEP8MemBlock
                0x0000000000109b70       0x98 /home/drew/devkitPro/libctru/lib/libctru.a(mem_pool.o)
                0x0000000000109b70                MemPool::CoalesceRight(MemBlock*)
 .text._ZN7MemPool8AllocateER8MemChunkmi
                0x0000000000109c08      0x178 /home/drew/devkitPro/libctru/lib/libctru.a(mem_pool.o)
                0x0000000000109c08                MemPool::Allocate(MemChunk&, unsigned long, int)
 .text._ZN7MemPool10DeallocateERK8MemChunk
                0x0000000000109d80      0x100 /home/drew/devkitPro/libctru/lib/libctru.a(mem_pool.o)
                0x0000000000109d80                MemPool::Deallocate(MemChunk const&)
 .text._ZL21addrMapNodeComparatorPK11rbtree_nodeS1_
                0x0000000000109e80       0x24 /home/drew/devkitPro/libctru/lib/libctru.a(mappable.o)
 .text._ZL21addrMapNodeDestructorP11rbtree_node
                0x0000000000109ea4        0x4 /home/drew/devkitPro/libctru/lib/libctru.a(mappable.o)
 .text.mappableAlloc
                0x0000000000109ea8       0xf4 /home/drew/devkitPro/libctru/lib/libctru.a(mappable.o)
                0x0000000000109ea8                mappableAlloc
 .text.mappableFree
                0x0000000000109f9c       0x50 /home/drew/devkitPro/libctru/lib/libctru.a(mappable.o)
                0x0000000000109f9c                mappableFree
 .text.threadCreate
                0x0000000000109fec      0x1bc /home/drew/devkitPro/libctru/lib/libctru.a(thread.o)
                0x0000000000109fec                threadCreate
 .text.threadJoin
                0x000000000010a1a8       0x24 /home/drew/devkitPro/libctru/lib/libctru.a(thread.o)
                0x000000000010a1a8                threadJoin
 .text.threadExit
                0x000000000010a1cc       0x70 /home/drew/devkitPro/libctru/lib/libctru.a(thread.o)
                0x000000000010a1cc                threadExit
 .text._thread_begin
                0x000000000010a23c       0x40 /home/drew/devkitPro/libctru/lib/libctru.a(thread.o)
 .text.srvExit  0x000000000010a27c       0x50 /home/drew/devkitPro/libctru/lib/libctru.a(srv.o)
                0x000000000010a27c                srvExit
 .text.srvRegisterClient
                0x000000000010a2cc       0x38 /home/drew/devkitPro/libctru/lib/libctru.a(srv.o)
                0x000000000010a2cc                srvRegisterClient
 .text.srvInit  0x000000000010a304       0x78 /home/drew/devkitPro/libctru/lib/libctru.a(srv.o)
                0x000000000010a304                srvInit
 .text.srvGetServiceHandleDirect
                0x000000000010a37c       0x68 /home/drew/devkitPro/libctru/lib/libctru.a(srv.o)
                0x000000000010a37c                srvGetServiceHandleDirect
 .text.srvGetServiceHandle
                0x000000000010a3e4       0x38 /home/drew/devkitPro/libctru/lib/libctru.a(srv.o)
                0x000000000010a3e4                srvGetServiceHandle
 .text.envGetHandle
                0x000000000010a41c       0x84 /home/drew/devkitPro/libctru/lib/libctru.a(env.o)
                0x000000000010a41c                envGetHandle
 .text.envDestroyHandles
                0x000000000010a4a0       0x4c /home/drew/devkitPro/libctru/lib/libctru.a(env.o)
                0x000000000010a4a0                envDestroyHandles
 .text.LightLock_Unlock.part.1
                0x000000000010a4ec       0x34 /home/drew/devkitPro/libctru/lib/libctru.a(synchronization.o)
 .text.__sync_init
                0x000000000010a520        0xc /home/drew/devkitPro/libctru/lib/libctru.a(synchronization.o)
                0x000000000010a520                __sync_init
 .text.__sync_fini
                0x000000000010a52c       0x18 /home/drew/devkitPro/libctru/lib/libctru.a(synchronization.o)
                0x000000000010a52c                __sync_fini
 .text.__sync_get_arbiter
                0x000000000010a544       0x10 /home/drew/devkitPro/libctru/lib/libctru.a(synchronization.o)
                0x000000000010a544                __sync_get_arbiter
 .text.LightLock_Init
                0x000000000010a554       0x18 /home/drew/devkitPro/libctru/lib/libctru.a(synchronization.o)
                0x000000000010a554                LightLock_Init
 .text.LightLock_Lock
                0x000000000010a56c       0xa0 /home/drew/devkitPro/libctru/lib/libctru.a(synchronization.o)
                0x000000000010a56c                LightLock_Lock
 .text.LightLock_TryLock
                0x000000000010a60c       0x34 /home/drew/devkitPro/libctru/lib/libctru.a(synchronization.o)
                0x000000000010a60c                LightLock_TryLock
 .text.LightLock_Unlock
                0x000000000010a640       0x20 /home/drew/devkitPro/libctru/lib/libctru.a(synchronization.o)
                0x000000000010a640                LightLock_Unlock
 .text.RecursiveLock_Init
                0x000000000010a660       0x24 /home/drew/devkitPro/libctru/lib/libctru.a(synchronization.o)
                0x000000000010a660                RecursiveLock_Init
 .text.RecursiveLock_Lock
                0x000000000010a684       0x30 /home/drew/devkitPro/libctru/lib/libctru.a(synchronization.o)
                0x000000000010a684                RecursiveLock_Lock
 .text.RecursiveLock_TryLock
                0x000000000010a6b4       0x58 /home/drew/devkitPro/libctru/lib/libctru.a(synchronization.o)
                0x000000000010a6b4                RecursiveLock_TryLock
 .text.RecursiveLock_Unlock
                0x000000000010a70c       0x38 /home/drew/devkitPro/libctru/lib/libctru.a(synchronization.o)
                0x000000000010a70c                RecursiveLock_Unlock
 .text.LightEvent_Init
                0x000000000010a744       0x38 /home/drew/devkitPro/libctru/lib/libctru.a(synchronization.o)
                0x000000000010a744                LightEvent_Init
 .text.LightEvent_Clear
                0x000000000010a77c       0x7c /home/drew/devkitPro/libctru/lib/libctru.a(synchronization.o)
                0x000000000010a77c                LightEvent_Clear
 .text.LightEvent_Signal
                0x000000000010a7f8       0xdc /home/drew/devkitPro/libctru/lib/libctru.a(synchronization.o)
                0x000000000010a7f8                LightEvent_Signal
 .text.LightEvent_Wait
                0x000000000010a8d4       0xd0 /home/drew/devkitPro/libctru/lib/libctru.a(synchronization.o)
                0x000000000010a8d4                LightEvent_Wait
 .text.__libctru_exit
                0x000000000010a9a4       0xa4 /home/drew/devkitPro/libctru/lib/libctru.a(ctru_exit.o)
                0x000000000010a9a4                __libctru_exit
 .text.__appExit
                0x000000000010aa48       0x1c /home/drew/devkitPro/libctru/lib/libctru.a(appExit.o)
                0x000000000010aa48                __appExit
 .text.__ctru_get_reent
                0x000000000010aa64       0x30 /home/drew/devkitPro/libctru/lib/libctru.a(syscalls.o)
 .text.__system_initSyscalls
                0x000000000010aa94       0xe4 /home/drew/devkitPro/libctru/lib/libctru.a(syscalls.o)
                0x000000000010aa94                __system_initSyscalls
 .text.__appInit
                0x000000000010ab78       0x1c /home/drew/devkitPro/libctru/lib/libctru.a(appInit.o)
                0x000000000010ab78                __appInit
 .text.sdmc_link
                0x000000000010ab94       0x10 /home/drew/devkitPro/libctru/lib/libctru.a(sdmc_dev.o)
 .text.sdmc_dirreset
                0x000000000010aba4       0x10 /home/drew/devkitPro/libctru/lib/libctru.a(sdmc_dev.o)
 .text.sdmc_fchmod
                0x000000000010abb4       0x10 /home/drew/devkitPro/libctru/lib/libctru.a(sdmc_dev.o)
 .text.error_cmp
                0x000000000010abc4       0x24 /home/drew/devkitPro/libctru/lib/libctru.a(sdmc_dev.o)
 .text.sdmc_translate_error
                0x000000000010abe8       0x50 /home/drew/devkitPro/libctru/lib/libctru.a(sdmc_dev.o)
 .text.sdmc_fsync
                0x000000000010ac38       0x34 /home/drew/devkitPro/libctru/lib/libctru.a(sdmc_dev.o)
 .text.sdmc_ftruncate
                0x000000000010ac6c       0x54 /home/drew/devkitPro/libctru/lib/libctru.a(sdmc_dev.o)
 .text.sdmc_statvfs
                0x000000000010acc0       0xb8 /home/drew/devkitPro/libctru/lib/libctru.a(sdmc_dev.o)
 .text.sdmc_dirclose
                0x000000000010ad78       0x38 /home/drew/devkitPro/libctru/lib/libctru.a(sdmc_dev.o)
 .text.sdmc_dirnext
                0x000000000010adb0      0x138 /home/drew/devkitPro/libctru/lib/libctru.a(sdmc_dev.o)
 .text.sdmc_close
                0x000000000010aee8       0x34 /home/drew/devkitPro/libctru/lib/libctru.a(sdmc_dev.o)
 .text.sdmc_fstat
                0x000000000010af1c       0x74 /home/drew/devkitPro/libctru/lib/libctru.a(sdmc_dev.o)
 .text.sdmc_seek
                0x000000000010af90       0xd8 /home/drew/devkitPro/libctru/lib/libctru.a(sdmc_dev.o)
 .text.sdmc_read
                0x000000000010b068       0x84 /home/drew/devkitPro/libctru/lib/libctru.a(sdmc_dev.o)
 .text.sdmc_write
                0x000000000010b0ec       0xb8 /home/drew/devkitPro/libctru/lib/libctru.a(sdmc_dev.o)
 .text.sdmc_utf16path
                0x000000000010b1a4      0x1b4 /home/drew/devkitPro/libctru/lib/libctru.a(sdmc_dev.o)
 .text.sdmc_rmdir
                0x000000000010b358       0x74 /home/drew/devkitPro/libctru/lib/libctru.a(sdmc_dev.o)
 .text.sdmc_diropen
                0x000000000010b3cc       0xa4 /home/drew/devkitPro/libctru/lib/libctru.a(sdmc_dev.o)
 .text.sdmc_chdir
                0x000000000010b470       0xa0 /home/drew/devkitPro/libctru/lib/libctru.a(sdmc_dev.o)
 .text.sdmc_mkdir
                0x000000000010b510       0x98 /home/drew/devkitPro/libctru/lib/libctru.a(sdmc_dev.o)
 .text.sdmc_rename
                0x000000000010b5a8      0x108 /home/drew/devkitPro/libctru/lib/libctru.a(sdmc_dev.o)
 .text.sdmc_unlink
                0x000000000010b6b0       0x74 /home/drew/devkitPro/libctru/lib/libctru.a(sdmc_dev.o)
 .text.sdmc_stat
                0x000000000010b724      0x108 /home/drew/devkitPro/libctru/lib/libctru.a(sdmc_dev.o)
 .text.sdmc_open
                0x000000000010b82c      0x188 /home/drew/devkitPro/libctru/lib/libctru.a(sdmc_dev.o)
 .text.sdmc_chmod
                0x000000000010b9b4       0x10 /home/drew/devkitPro/libctru/lib/libctru.a(sdmc_dev.o)
 .text.sdmcInit
                0x000000000010b9c4      0x15c /home/drew/devkitPro/libctru/lib/libctru.a(sdmc_dev.o)
                0x000000000010b9c4                sdmcInit
 .text.sdmcExit
                0x000000000010bb20       0x58 /home/drew/devkitPro/libctru/lib/libctru.a(sdmc_dev.o)
                0x000000000010bb20                sdmcExit
 .text.fsSessionForArchive.part.0
                0x000000000010bb78       0x28 /home/drew/devkitPro/libctru/lib/libctru.a(fs.o)
 .text.fsInit   0x000000000010bba0       0xc8 /home/drew/devkitPro/libctru/lib/libctru.a(fs.o)
                0x000000000010bba0                fsInit
 .text.fsExit   0x000000000010bc68       0x38 /home/drew/devkitPro/libctru/lib/libctru.a(fs.o)
                0x000000000010bc68                fsExit
 .text.fsExemptFromSession
                0x000000000010bca0       0xa0 /home/drew/devkitPro/libctru/lib/libctru.a(fs.o)
                0x000000000010bca0                fsExemptFromSession
 .text.fsUnexemptFromSession
                0x000000000010bd40       0x54 /home/drew/devkitPro/libctru/lib/libctru.a(fs.o)
                0x000000000010bd40                fsUnexemptFromSession
 .text.FSUSER_OpenFile
                0x000000000010bd94       0xbc /home/drew/devkitPro/libctru/lib/libctru.a(fs.o)
                0x000000000010bd94                FSUSER_OpenFile
 .text.FSUSER_DeleteFile
                0x000000000010be50       0xa4 /home/drew/devkitPro/libctru/lib/libctru.a(fs.o)
                0x000000000010be50                FSUSER_DeleteFile
 .text.FSUSER_RenameFile
                0x000000000010bef4       0xe0 /home/drew/devkitPro/libctru/lib/libctru.a(fs.o)
                0x000000000010bef4                FSUSER_RenameFile
 .text.FSUSER_DeleteDirectory
                0x000000000010bfd4       0xa4 /home/drew/devkitPro/libctru/lib/libctru.a(fs.o)
                0x000000000010bfd4                FSUSER_DeleteDirectory
 .text.FSUSER_CreateFile
                0x000000000010c078       0xbc /home/drew/devkitPro/libctru/lib/libctru.a(fs.o)
                0x000000000010c078                FSUSER_CreateFile
 .text.FSUSER_CreateDirectory
                0x000000000010c134       0xac /home/drew/devkitPro/libctru/lib/libctru.a(fs.o)
                0x000000000010c134                FSUSER_CreateDirectory
 .text.FSUSER_RenameDirectory
                0x000000000010c1e0       0xe0 /home/drew/devkitPro/libctru/lib/libctru.a(fs.o)
                0x000000000010c1e0                FSUSER_RenameDirectory
 .text.FSUSER_OpenDirectory
                0x000000000010c2c0       0xa4 /home/drew/devkitPro/libctru/lib/libctru.a(fs.o)
                0x000000000010c2c0                FSUSER_OpenDirectory
 .text.FSUSER_OpenArchive
                0x000000000010c364       0x98 /home/drew/devkitPro/libctru/lib/libctru.a(fs.o)
                0x000000000010c364                FSUSER_OpenArchive
 .text.FSUSER_CloseArchive
                0x000000000010c3fc       0x74 /home/drew/devkitPro/libctru/lib/libctru.a(fs.o)
                0x000000000010c3fc                FSUSER_CloseArchive
 .text.FSUSER_GetSdmcArchiveResource
                0x000000000010c470       0x78 /home/drew/devkitPro/libctru/lib/libctru.a(fs.o)
                0x000000000010c470                FSUSER_GetSdmcArchiveResource
 .text.FSUSER_IsSdmcWritable
                0x000000000010c4e8       0x64 /home/drew/devkitPro/libctru/lib/libctru.a(fs.o)
                0x000000000010c4e8                FSUSER_IsSdmcWritable
 .text.FSFILE_Read
                0x000000000010c54c       0x5c /home/drew/devkitPro/libctru/lib/libctru.a(fs.o)
                0x000000000010c54c                FSFILE_Read
 .text.FSFILE_Write
                0x000000000010c5a8       0x64 /home/drew/devkitPro/libctru/lib/libctru.a(fs.o)
                0x000000000010c5a8                FSFILE_Write
 .text.FSFILE_GetSize
                0x000000000010c60c       0x3c /home/drew/devkitPro/libctru/lib/libctru.a(fs.o)
                0x000000000010c60c                FSFILE_GetSize
 .text.FSFILE_SetSize
                0x000000000010c648       0x2c /home/drew/devkitPro/libctru/lib/libctru.a(fs.o)
                0x000000000010c648                FSFILE_SetSize
 .text.FSFILE_Close
                0x000000000010c674       0x3c /home/drew/devkitPro/libctru/lib/libctru.a(fs.o)
                0x000000000010c674                FSFILE_Close
 .text.FSFILE_Flush
                0x000000000010c6b0       0x24 /home/drew/devkitPro/libctru/lib/libctru.a(fs.o)
                0x000000000010c6b0                FSFILE_Flush
 .text.FSDIR_Read
                0x000000000010c6d4       0x54 /home/drew/devkitPro/libctru/lib/libctru.a(fs.o)
                0x000000000010c6d4                FSDIR_Read
 .text.FSDIR_Close
                0x000000000010c728       0x3c /home/drew/devkitPro/libctru/lib/libctru.a(fs.o)
                0x000000000010c728                FSDIR_Close
 .text.utf8_to_utf16
                0x000000000010c764       0xc0 /home/drew/devkitPro/libctru/lib/libctru.a(utf8_to_utf16.o)
                0x000000000010c764                utf8_to_utf16
 .text.decode_utf8
                0x000000000010c824      0x138 /home/drew/devkitPro/libctru/lib/libctru.a(decode_utf8.o)
                0x000000000010c824                decode_utf8
 .text.utf16_to_utf8
                0x000000000010c95c       0xe8 /home/drew/devkitPro/libctru/lib/libctru.a(utf16_to_utf8.o)
                0x000000000010c95c                utf16_to_utf8
 .text.encode_utf8
                0x000000000010ca44      0x104 /home/drew/devkitPro/libctru/lib/libctru.a(encode_utf8.o)
                0x000000000010ca44                encode_utf8
 .text.encode_utf16
                0x000000000010cb48       0x68 /home/drew/devkitPro/libctru/lib/libctru.a(encode_utf16.o)
                0x000000000010cb48                encode_utf16
 .text.__aeabi_read_tp
                0x000000000010cbb0        0xc /home/drew/devkitPro/libctru/lib/libctru.a(readtp.o)
                0x000000000010cbb0                __aeabi_read_tp
 .text.decode_utf16
                0x000000000010cbbc       0x60 /home/drew/devkitPro/libctru/lib/libctru.a(decode_utf16.o)
                0x000000000010cbbc                decode_utf16
 .text.__udivmoddi4
                0x000000000010cc1c      0x128 /opt/devkitpro/devkitARM/lib/gcc/arm-none-eabi/6.3.0/armv6k/fpu/libgcc.a(_udivmoddi4.o)
                0x000000000010cc1c                __udivmoddi4
 .text.bsearch  0x000000000010cd44       0x74 /opt/devkitpro/devkitARM/lib/gcc/arm-none-eabi/6.3.0/../../../../arm-none-eabi/lib/armv6k/fpu/libg.a(lib_a-bsearch.o)
                0x000000000010cd44                bsearch
 .text.calloc   0x000000000010cdb8       0x20 /opt/devkitpro/devkitARM/lib/gcc/arm-none-eabi/6.3.0/../../../../arm-none-eabi/lib/armv6k/fpu/libg.a(lib_a-calloc.o)
                0x000000000010cdb8                calloc
 .text._calloc_r
                0x000000000010cdd8       0x90 /opt/devkitpro/devkitARM/lib/gcc/arm-none-eabi/6.3.0/../../../../arm-none-eabi/lib/armv6k/fpu/libg.a(lib_a-callocr.o)
                0x000000000010cdd8                _calloc_r
 .text.__libc_fini_array
                0x000000000010ce68       0x40 /opt/devkitpro/devkitARM/lib/gcc/arm-none-eabi/6.3.0/../../../../arm-none-eabi/lib/armv6k/fpu/libg.a(lib_a-fini.o)
                0x000000000010ce68                __libc_fini_array
 .text.__libc_init_array
                0x000000000010cea8       0x78 /opt/devkitpro/devkitARM/lib/gcc/arm-none-eabi/6.3.0/../../../../arm-none-eabi/lib/armv6k/fpu/libg.a(lib_a-init.o)
                0x000000000010cea8                __libc_init_array
 .text.memalign
                0x000000000010cf20       0x20 /opt/devkitpro/devkitARM/lib/gcc/arm-none-eabi/6.3.0/../../../../arm-none-eabi/lib/armv6k/fpu/libg.a(lib_a-malign.o)
                0x000000000010cf20                memalign
 .text._memalign_r
                0x000000000010cf40      0x158 /opt/devkitpro/devkitARM/lib/gcc/arm-none-eabi/6.3.0/../../../../arm-none-eabi/lib/armv6k/fpu/libg.a(lib_a-malignr.o)
                0x000000000010cf40                _memalign_r
 .text.malloc   0x000000000010d098       0x18 /opt/devkitpro/devkitARM/lib/gcc/arm-none-eabi/6.3.0/../../../../arm-none-eabi/lib/armv6k/fpu/libg.a(lib_a-malloc.o)
                0x000000000010d098                malloc
 .text.free     0x000000000010d0b0       0x18 /opt/devkitpro/devkitARM/lib/gcc/arm-none-eabi/6.3.0/../../../../arm-none-eabi/lib/armv6k/fpu/libg.a(lib_a-malloc.o)
                0x000000000010d0b0                free
 .text._malloc_r
                0x000000000010d0c8      0x78c /opt/devkitpro/devkitARM/lib/gcc/arm-none-eabi/6.3.0/../../../../arm-none-eabi/lib/armv6k/fpu/libg.a(lib_a-mallocr.o)
                0x000000000010d0c8                _malloc_r
 .text.memchr   0x000000000010d854      0x104 /opt/devkitpro/devkitARM/lib/gcc/arm-none-eabi/6.3.0/../../../../arm-none-eabi/lib/armv6k/fpu/libg.a(lib_a-memchr-stub.o)
                0x000000000010d854                memchr
 .text.memcpy   0x000000000010d958      0x114 /opt/devkitpro/devkitARM/lib/gcc/arm-none-eabi/6.3.0/../../../../arm-none-eabi/lib/armv6k/fpu/libg.a(lib_a-memcpy-stub.o)
                0x000000000010d958                memcpy
 .text.memset   0x000000000010da6c      0x110 /opt/devkitpro/devkitARM/lib/gcc/arm-none-eabi/6.3.0/../../../../arm-none-eabi/lib/armv6k/fpu/libg.a(lib_a-memset.o)
                0x000000000010da6c                memset
 .text.__malloc_lock
                0x000000000010db7c        0xc /opt/devkitpro/devkitARM/lib/gcc/arm-none-eabi/6.3.0/../../../../arm-none-eabi/lib/armv6k/fpu/libg.a(lib_a-mlock.o)
                0x000000000010db7c                __malloc_lock
 .text.__malloc_unlock
                0x000000000010db88        0xc /opt/devkitpro/devkitARM/lib/gcc/arm-none-eabi/6.3.0/../../../../arm-none-eabi/lib/armv6k/fpu/libg.a(lib_a-mlock.o)
                0x000000000010db88                __malloc_unlock
 .text.printf   0x000000000010db94       0x38 /opt/devkitpro/devkitARM/lib/gcc/arm-none-eabi/6.3.0/../../../../arm-none-eabi/lib/armv6k/fpu/libg.a(lib_a-printf.o)
                0x000000000010db94                printf
 .text.setvbuf  0x000000000010dbcc      0x258 /opt/devkitpro/devkitARM/lib/gcc/arm-none-eabi/6.3.0/../../../../arm-none-eabi/lib/armv6k/fpu/libg.a(lib_a-setvbuf.o)
                0x000000000010dbcc                setvbuf
 .text.sscanf   0x000000000010de24       0x74 /opt/devkitpro/devkitARM/lib/gcc/arm-none-eabi/6.3.0/../../../../arm-none-eabi/lib/armv6k/fpu/libg.a(lib_a-sscanf.o)
                0x000000000010de24                sscanf
 .text.__sread  0x000000000010de98       0x3c /opt/devkitpro/devkitARM/lib/gcc/arm-none-eabi/6.3.0/../../../../arm-none-eabi/lib/armv6k/fpu/libg.a(lib_a-stdio.o)
                0x000000000010de98                __sread
 .text.__seofread
                0x000000000010ded4        0x8 /opt/devkitpro/devkitARM/lib/gcc/arm-none-eabi/6.3.0/../../../../arm-none-eabi/lib/armv6k/fpu/libg.a(lib_a-stdio.o)
                0x000000000010ded4                __seofread
 .text.__swrite
                0x000000000010dedc       0x64 /opt/devkitpro/devkitARM/lib/gcc/arm-none-eabi/6.3.0/../../../../arm-none-eabi/lib/armv6k/fpu/libg.a(lib_a-stdio.o)
                0x000000000010dedc                __swrite
 .text.__sseek  0x000000000010df40       0x4c /opt/devkitpro/devkitARM/lib/gcc/arm-none-eabi/6.3.0/../../../../arm-none-eabi/lib/armv6k/fpu/libg.a(lib_a-stdio.o)
                0x000000000010df40                __sseek
 .text.__sclose
                0x000000000010df8c        0x8 /opt/devkitpro/devkitARM/lib/gcc/arm-none-eabi/6.3.0/../../../../arm-none-eabi/lib/armv6k/fpu/libg.a(lib_a-stdio.o)
                0x000000000010df8c                __sclose
 .text.strlen   0x000000000010df94       0x5c /opt/devkitpro/devkitARM/lib/gcc/arm-none-eabi/6.3.0/../../../../arm-none-eabi/lib/armv6k/fpu/libg.a(lib_a-strlen-stub.o)
                0x000000000010df94                strlen
 .text.strncat  0x000000000010dff0       0x9c /opt/devkitpro/devkitARM/lib/gcc/arm-none-eabi/6.3.0/../../../../arm-none-eabi/lib/armv6k/fpu/libg.a(lib_a-strncat.o)
                0x000000000010dff0                strncat
 .text.strncpy  0x000000000010e08c       0xd8 /opt/devkitpro/devkitARM/lib/gcc/arm-none-eabi/6.3.0/../../../../arm-none-eabi/lib/armv6k/fpu/libg.a(lib_a-strncpy.o)
                0x000000000010e08c                strncpy
 .text.__ssvfscanf_r
                0x000000000010e164     0x290c /opt/devkitpro/devkitARM/lib/gcc/arm-none-eabi/6.3.0/../../../../arm-none-eabi/lib/armv6k/fpu/libg.a(lib_a-svfscanf.o)
                0x000000000010e164                __ssvfscanf_r
 .text.__sprint_r.part.0
                0x0000000000110a70       0x1c /opt/devkitpro/devkitARM/lib/gcc/arm-none-eabi/6.3.0/../../../../arm-none-eabi/lib/armv6k/fpu/libg.a(lib_a-vfiprintf.o)
 .text.__sprint_r
                0x0000000000110a8c       0x1c /opt/devkitpro/devkitARM/lib/gcc/arm-none-eabi/6.3.0/../../../../arm-none-eabi/lib/armv6k/fpu/libg.a(lib_a-vfiprintf.o)
                0x0000000000110a8c                __sprint_r
 .text.get_arg  0x0000000000110aa8     0x1624 /opt/devkitpro/devkitARM/lib/gcc/arm-none-eabi/6.3.0/../../../../arm-none-eabi/lib/armv6k/fpu/libg.a(lib_a-vfprintf.o)
 *fill*         0x00000000001120cc        0x4 
 .text._vfprintf_r
                0x00000000001120d0     0x4314 /opt/devkitpro/devkitARM/lib/gcc/arm-none-eabi/6.3.0/../../../../arm-none-eabi/lib/armv6k/fpu/libg.a(lib_a-vfprintf.o)
                0x00000000001120d0                _vfprintf_r
 .text.__sbprintf
                0x00000000001163e4       0xcc /opt/devkitpro/devkitARM/lib/gcc/arm-none-eabi/6.3.0/../../../../arm-none-eabi/lib/armv6k/fpu/libg.a(lib_a-vfprintf.o)
 .text._wcrtomb_r
                0x00000000001164b0       0xa0 /opt/devkitpro/devkitARM/lib/gcc/arm-none-eabi/6.3.0/../../../../arm-none-eabi/lib/armv6k/fpu/libg.a(lib_a-wcrtomb.o)
                0x00000000001164b0                _wcrtomb_r
 .text._wcsrtombs_r
                0x0000000000116550       0x20 /opt/devkitpro/devkitARM/lib/gcc/arm-none-eabi/6.3.0/../../../../arm-none-eabi/lib/armv6k/fpu/libg.a(lib_a-wcsrtombs.o)
                0x0000000000116550                _wcsrtombs_r
 .text.__swsetup_r
                0x0000000000116570      0x144 /opt/devkitpro/devkitARM/lib/gcc/arm-none-eabi/6.3.0/../../../../arm-none-eabi/lib/armv6k/fpu/libg.a(lib_a-wsetup.o)
                0x0000000000116570                __swsetup_r
 .text.quorem   0x00000000001166b4      0x1d0 /opt/devkitpro/devkitARM/lib/gcc/arm-none-eabi/6.3.0/../../../../arm-none-eabi/lib/armv6k/fpu/libg.a(lib_a-dtoa.o)
 *fill*         0x0000000000116884        0x4 
 .text._dtoa_r  0x0000000000116888     0x1260 /opt/devkitpro/devkitARM/lib/gcc/arm-none-eabi/6.3.0/../../../../arm-none-eabi/lib/armv6k/fpu/libg.a(lib_a-dtoa.o)
                0x0000000000116888                _dtoa_r
 .text.__sflush_r
                0x0000000000117ae8      0x254 /opt/devkitpro/devkitARM/lib/gcc/arm-none-eabi/6.3.0/../../../../arm-none-eabi/lib/armv6k/fpu/libg.a(lib_a-fflush.o)
                0x0000000000117ae8                __sflush_r
 .text._fflush_r
                0x0000000000117d3c       0x94 /opt/devkitpro/devkitARM/lib/gcc/arm-none-eabi/6.3.0/../../../../arm-none-eabi/lib/armv6k/fpu/libg.a(lib_a-fflush.o)
                0x0000000000117d3c                _fflush_r
 .text._cleanup_r
                0x0000000000117dd0        0xc /opt/devkitpro/devkitARM/lib/gcc/arm-none-eabi/6.3.0/../../../../arm-none-eabi/lib/armv6k/fpu/libg.a(lib_a-findfp.o)
                0x0000000000117dd0                _cleanup_r
 .text.std.isra.0
                0x0000000000117ddc       0x80 /opt/devkitpro/devkitARM/lib/gcc/arm-none-eabi/6.3.0/../../../../arm-none-eabi/lib/armv6k/fpu/libg.a(lib_a-findfp.o)
 .text.__sinit  0x0000000000117e5c       0x8c /opt/devkitpro/devkitARM/lib/gcc/arm-none-eabi/6.3.0/../../../../arm-none-eabi/lib/armv6k/fpu/libg.a(lib_a-findfp.o)
                0x0000000000117e5c                __sinit
 .text.__sfp_lock_acquire
                0x0000000000117ee8        0xc /opt/devkitpro/devkitARM/lib/gcc/arm-none-eabi/6.3.0/../../../../arm-none-eabi/lib/armv6k/fpu/libg.a(lib_a-findfp.o)
                0x0000000000117ee8                __sfp_lock_acquire
 .text.__sfp_lock_release
                0x0000000000117ef4        0xc /opt/devkitpro/devkitARM/lib/gcc/arm-none-eabi/6.3.0/../../../../arm-none-eabi/lib/armv6k/fpu/libg.a(lib_a-findfp.o)
                0x0000000000117ef4                __sfp_lock_release
 .text._malloc_trim_r
                0x0000000000117f00       0xf8 /opt/devkitpro/devkitARM/lib/gcc/arm-none-eabi/6.3.0/../../../../arm-none-eabi/lib/armv6k/fpu/libg.a(lib_a-freer.o)
                0x0000000000117f00                _malloc_trim_r
 .text._free_r  0x0000000000117ff8      0x2e4 /opt/devkitpro/devkitARM/lib/gcc/arm-none-eabi/6.3.0/../../../../arm-none-eabi/lib/armv6k/fpu/libg.a(lib_a-freer.o)
                0x0000000000117ff8                _free_r
 .text.__sfvwrite_r
                0x00000000001182dc      0x4ac /opt/devkitpro/devkitARM/lib/gcc/arm-none-eabi/6.3.0/../../../../arm-none-eabi/lib/armv6k/fpu/libg.a(lib_a-fvwrite.o)
                0x00000000001182dc                __sfvwrite_r
 .text._fwalk_reent
                0x0000000000118788       0x80 /opt/devkitpro/devkitARM/lib/gcc/arm-none-eabi/6.3.0/../../../../arm-none-eabi/lib/armv6k/fpu/libg.a(lib_a-fwalk.o)
                0x0000000000118788                _fwalk_reent
 .text.iswspace
                0x0000000000118808       0x74 /opt/devkitpro/devkitARM/lib/gcc/arm-none-eabi/6.3.0/../../../../arm-none-eabi/lib/armv6k/fpu/libg.a(lib_a-iswspace.o)
                0x0000000000118808                iswspace
 .text.__jp2uc  0x000000000011887c      0x204 /opt/devkitpro/devkitARM/lib/gcc/arm-none-eabi/6.3.0/../../../../arm-none-eabi/lib/armv6k/fpu/libg.a(lib_a-jp2uc.o)
 .text._jp2uc   0x0000000000118a80       0xc8 /opt/devkitpro/devkitARM/lib/gcc/arm-none-eabi/6.3.0/../../../../arm-none-eabi/lib/armv6k/fpu/libg.a(lib_a-jp2uc.o)
                0x0000000000118a80                _jp2uc
 .text.__localeconv_l
                0x0000000000118b48        0x8 /opt/devkitpro/devkitARM/lib/gcc/arm-none-eabi/6.3.0/../../../../arm-none-eabi/lib/armv6k/fpu/libg.a(lib_a-localeconv.o)
                0x0000000000118b48                __localeconv_l
 .text._localeconv_r
                0x0000000000118b50       0x24 /opt/devkitpro/devkitARM/lib/gcc/arm-none-eabi/6.3.0/../../../../arm-none-eabi/lib/armv6k/fpu/libg.a(lib_a-localeconv.o)
                0x0000000000118b50                _localeconv_r
 .text.__locale_mb_cur_max
                0x0000000000118b74       0x24 /opt/devkitpro/devkitARM/lib/gcc/arm-none-eabi/6.3.0/../../../../arm-none-eabi/lib/armv6k/fpu/libg.a(lib_a-locale.o)
                0x0000000000118b74                __locale_mb_cur_max
 .text.__locale_ctype_ptr_l
                0x0000000000118b98        0x8 /opt/devkitpro/devkitARM/lib/gcc/arm-none-eabi/6.3.0/../../../../arm-none-eabi/lib/armv6k/fpu/libg.a(lib_a-locale.o)
                0x0000000000118b98                __locale_ctype_ptr_l
 .text.__locale_ctype_ptr
                0x0000000000118ba0       0x24 /opt/devkitpro/devkitARM/lib/gcc/arm-none-eabi/6.3.0/../../../../arm-none-eabi/lib/armv6k/fpu/libg.a(lib_a-locale.o)
                0x0000000000118ba0                __locale_ctype_ptr
 .text.__swhatbuf_r
                0x0000000000118bc4       0x94 /opt/devkitpro/devkitARM/lib/gcc/arm-none-eabi/6.3.0/../../../../arm-none-eabi/lib/armv6k/fpu/libg.a(lib_a-makebuf.o)
                0x0000000000118bc4                __swhatbuf_r
 .text.__smakebuf_r
                0x0000000000118c58       0xf4 /opt/devkitpro/devkitARM/lib/gcc/arm-none-eabi/6.3.0/../../../../arm-none-eabi/lib/armv6k/fpu/libg.a(lib_a-makebuf.o)
                0x0000000000118c58                __smakebuf_r
 .text._mbrtowc_r
                0x0000000000118d4c       0xb4 /opt/devkitpro/devkitARM/lib/gcc/arm-none-eabi/6.3.0/../../../../arm-none-eabi/lib/armv6k/fpu/libg.a(lib_a-mbrtowc.o)
                0x0000000000118d4c                _mbrtowc_r
 .text.__utf8_mbtowc
                0x0000000000118e00      0x300 /opt/devkitpro/devkitARM/lib/gcc/arm-none-eabi/6.3.0/../../../../arm-none-eabi/lib/armv6k/fpu/libg.a(lib_a-mbtowc_r.o)
                0x0000000000118e00                __utf8_mbtowc
 .text.memmove  0x0000000000119100      0x148 /opt/devkitpro/devkitARM/lib/gcc/arm-none-eabi/6.3.0/../../../../arm-none-eabi/lib/armv6k/fpu/libg.a(lib_a-memmove.o)
                0x0000000000119100                memmove
 .text._Balloc  0x0000000000119248       0x88 /opt/devkitpro/devkitARM/lib/gcc/arm-none-eabi/6.3.0/../../../../arm-none-eabi/lib/armv6k/fpu/libg.a(lib_a-mprec.o)
                0x0000000000119248                _Balloc
 .text._Bfree   0x00000000001192d0       0x1c /opt/devkitpro/devkitARM/lib/gcc/arm-none-eabi/6.3.0/../../../../arm-none-eabi/lib/armv6k/fpu/libg.a(lib_a-mprec.o)
                0x00000000001192d0                _Bfree
 .text.__multadd
                0x00000000001192ec       0xd8 /opt/devkitpro/devkitARM/lib/gcc/arm-none-eabi/6.3.0/../../../../arm-none-eabi/lib/armv6k/fpu/libg.a(lib_a-mprec.o)
                0x00000000001192ec                __multadd
 .text.__s2b    0x00000000001193c4       0xf0 /opt/devkitpro/devkitARM/lib/gcc/arm-none-eabi/6.3.0/../../../../arm-none-eabi/lib/armv6k/fpu/libg.a(lib_a-mprec.o)
                0x00000000001193c4                __s2b
 .text.__hi0bits
                0x00000000001194b4       0x58 /opt/devkitpro/devkitARM/lib/gcc/arm-none-eabi/6.3.0/../../../../arm-none-eabi/lib/armv6k/fpu/libg.a(lib_a-mprec.o)
                0x00000000001194b4                __hi0bits
 .text.__lo0bits
                0x000000000011950c       0x9c /opt/devkitpro/devkitARM/lib/gcc/arm-none-eabi/6.3.0/../../../../arm-none-eabi/lib/armv6k/fpu/libg.a(lib_a-mprec.o)
                0x000000000011950c                __lo0bits
 .text.__i2b    0x00000000001195a8       0x20 /opt/devkitpro/devkitARM/lib/gcc/arm-none-eabi/6.3.0/../../../../arm-none-eabi/lib/armv6k/fpu/libg.a(lib_a-mprec.o)
                0x00000000001195a8                __i2b
 .text.__multiply
                0x00000000001195c8      0x1cc /opt/devkitpro/devkitARM/lib/gcc/arm-none-eabi/6.3.0/../../../../arm-none-eabi/lib/armv6k/fpu/libg.a(lib_a-mprec.o)
                0x00000000001195c8                __multiply
 .text.__pow5mult
                0x0000000000119794      0x100 /opt/devkitpro/devkitARM/lib/gcc/arm-none-eabi/6.3.0/../../../../arm-none-eabi/lib/armv6k/fpu/libg.a(lib_a-mprec.o)
                0x0000000000119794                __pow5mult
 .text.__lshift
                0x0000000000119894       0xe4 /opt/devkitpro/devkitARM/lib/gcc/arm-none-eabi/6.3.0/../../../../arm-none-eabi/lib/armv6k/fpu/libg.a(lib_a-mprec.o)
                0x0000000000119894                __lshift
 .text.__mcmp   0x0000000000119978       0x60 /opt/devkitpro/devkitARM/lib/gcc/arm-none-eabi/6.3.0/../../../../arm-none-eabi/lib/armv6k/fpu/libg.a(lib_a-mprec.o)
                0x0000000000119978                __mcmp
 .text.__mdiff  0x00000000001199d8      0x198 /opt/devkitpro/devkitARM/lib/gcc/arm-none-eabi/6.3.0/../../../../arm-none-eabi/lib/armv6k/fpu/libg.a(lib_a-mprec.o)
                0x00000000001199d8                __mdiff
 .text.__ulp    0x0000000000119b70       0x78 /opt/devkitpro/devkitARM/lib/gcc/arm-none-eabi/6.3.0/../../../../arm-none-eabi/lib/armv6k/fpu/libg.a(lib_a-mprec.o)
                0x0000000000119b70                __ulp
 .text.__b2d    0x0000000000119be8       0xd4 /opt/devkitpro/devkitARM/lib/gcc/arm-none-eabi/6.3.0/../../../../arm-none-eabi/lib/armv6k/fpu/libg.a(lib_a-mprec.o)
                0x0000000000119be8                __b2d
 .text.__d2b    0x0000000000119cbc      0x108 /opt/devkitpro/devkitARM/lib/gcc/arm-none-eabi/6.3.0/../../../../arm-none-eabi/lib/armv6k/fpu/libg.a(lib_a-mprec.o)
                0x0000000000119cbc                __d2b
 .text.__ratio  0x0000000000119dc4       0x7c /opt/devkitpro/devkitARM/lib/gcc/arm-none-eabi/6.3.0/../../../../arm-none-eabi/lib/armv6k/fpu/libg.a(lib_a-mprec.o)
                0x0000000000119dc4                __ratio
 .text.__copybits
                0x0000000000119e40       0x6c /opt/devkitpro/devkitARM/lib/gcc/arm-none-eabi/6.3.0/../../../../arm-none-eabi/lib/armv6k/fpu/libg.a(lib_a-mprec.o)
                0x0000000000119e40                __copybits
 .text.__any_on
                0x0000000000119eac       0x80 /opt/devkitpro/devkitARM/lib/gcc/arm-none-eabi/6.3.0/../../../../arm-none-eabi/lib/armv6k/fpu/libg.a(lib_a-mprec.o)
                0x0000000000119eac                __any_on
 .text._realloc_r
                0x0000000000119f2c      0x4cc /opt/devkitpro/devkitARM/lib/gcc/arm-none-eabi/6.3.0/../../../../arm-none-eabi/lib/armv6k/fpu/libg.a(lib_a-reallocr.o)
                0x0000000000119f2c                _realloc_r
 .text.__sccl   0x000000000011a3f8       0xcc /opt/devkitpro/devkitARM/lib/gcc/arm-none-eabi/6.3.0/../../../../arm-none-eabi/lib/armv6k/fpu/libg.a(lib_a-sccl.o)
                0x000000000011a3f8                __sccl
 .text.nanf     0x000000000011a4c4        0xc /opt/devkitpro/devkitARM/lib/gcc/arm-none-eabi/6.3.0/../../../../arm-none-eabi/lib/armv6k/fpu/libg.a(lib_a-sf_nan.o)
                0x000000000011a4c4                nanf
 .text.frexp    0x000000000011a4d0       0x9c /opt/devkitpro/devkitARM/lib/gcc/arm-none-eabi/6.3.0/../../../../arm-none-eabi/lib/armv6k/fpu/libg.a(lib_a-s_frexp.o)
                0x000000000011a4d0                frexp
 .text.sprintf  0x000000000011a56c       0x68 /opt/devkitpro/devkitARM/lib/gcc/arm-none-eabi/6.3.0/../../../../arm-none-eabi/lib/armv6k/fpu/libg.a(lib_a-sprintf.o)
                0x000000000011a56c                sprintf
 .text.stpncpy  0x000000000011a5d4      0x100 /opt/devkitpro/devkitARM/lib/gcc/arm-none-eabi/6.3.0/../../../../arm-none-eabi/lib/armv6k/fpu/libg.a(lib_a-stpncpy.o)
                0x000000000011a5d4                stpncpy
 .text.strchr   0x000000000011a6d4      0x1ac /opt/devkitpro/devkitARM/lib/gcc/arm-none-eabi/6.3.0/../../../../arm-none-eabi/lib/armv6k/fpu/libg.a(lib_a-strchr.o)
                0x000000000011a6d4                strchr
 .text.strncmp  0x000000000011a880      0x108 /opt/devkitpro/devkitARM/lib/gcc/arm-none-eabi/6.3.0/../../../../arm-none-eabi/lib/armv6k/fpu/libg.a(lib_a-strncmp.o)
                0x000000000011a880                strncmp
 .text.unlikely.sulp
                0x000000000011a988       0x54 /opt/devkitpro/devkitARM/lib/gcc/arm-none-eabi/6.3.0/../../../../arm-none-eabi/lib/armv6k/fpu/libg.a(lib_a-strtod.o)
 *fill*         0x000000000011a9dc        0x4 
 .text._strtod_l
                0x000000000011a9e0     0x1434 /opt/devkitpro/devkitARM/lib/gcc/arm-none-eabi/6.3.0/../../../../arm-none-eabi/lib/armv6k/fpu/libg.a(lib_a-strtod.o)
                0x000000000011a9e0                _strtod_l
 .text._strtod_r
                0x000000000011be14       0x3c /opt/devkitpro/devkitARM/lib/gcc/arm-none-eabi/6.3.0/../../../../arm-none-eabi/lib/armv6k/fpu/libg.a(lib_a-strtod.o)
                0x000000000011be14                _strtod_r
 .text._strtoll_l.isra.0
                0x000000000011be50      0x2dc /opt/devkitpro/devkitARM/lib/gcc/arm-none-eabi/6.3.0/../../../../arm-none-eabi/lib/armv6k/fpu/libg.a(lib_a-strtoll.o)
 .text._strtoll_r
                0x000000000011c12c       0x50 /opt/devkitpro/devkitARM/lib/gcc/arm-none-eabi/6.3.0/../../../../arm-none-eabi/lib/armv6k/fpu/libg.a(lib_a-strtoll.o)
                0x000000000011c12c                _strtoll_r
 .text._strtol_l.isra.0
                0x000000000011c17c      0x220 /opt/devkitpro/devkitARM/lib/gcc/arm-none-eabi/6.3.0/../../../../arm-none-eabi/lib/armv6k/fpu/libg.a(lib_a-strtol.o)
 .text._strtol_r
                0x000000000011c39c       0x50 /opt/devkitpro/devkitARM/lib/gcc/arm-none-eabi/6.3.0/../../../../arm-none-eabi/lib/armv6k/fpu/libg.a(lib_a-strtol.o)
                0x000000000011c39c                _strtol_r
 *fill*         0x000000000011c3ec        0x4 
 .text._strtoull_l.isra.0
                0x000000000011c3f0      0x268 /opt/devkitpro/devkitARM/lib/gcc/arm-none-eabi/6.3.0/../../../../arm-none-eabi/lib/armv6k/fpu/libg.a(lib_a-strtoull.o)
 .text._strtoull_r
                0x000000000011c658       0x50 /opt/devkitpro/devkitARM/lib/gcc/arm-none-eabi/6.3.0/../../../../arm-none-eabi/lib/armv6k/fpu/libg.a(lib_a-strtoull.o)
                0x000000000011c658                _strtoull_r
 .text._strtoul_l.isra.0
                0x000000000011c6a8      0x1e4 /opt/devkitpro/devkitARM/lib/gcc/arm-none-eabi/6.3.0/../../../../arm-none-eabi/lib/armv6k/fpu/libg.a(lib_a-strtoul.o)
 .text._strtoul_r
                0x000000000011c88c       0x50 /opt/devkitpro/devkitARM/lib/gcc/arm-none-eabi/6.3.0/../../../../arm-none-eabi/lib/armv6k/fpu/libg.a(lib_a-strtoul.o)
                0x000000000011c88c                _strtoul_r
 .text.__ssprint_r
                0x000000000011c8dc      0x188 /opt/devkitpro/devkitARM/lib/gcc/arm-none-eabi/6.3.0/../../../../arm-none-eabi/lib/armv6k/fpu/libg.a(lib_a-svfiprintf.o)
                0x000000000011c8dc                __ssprint_r
 .text._sungetc_r
                0x000000000011ca64       0xe8 /opt/devkitpro/devkitARM/lib/gcc/arm-none-eabi/6.3.0/../../../../arm-none-eabi/lib/armv6k/fpu/libg.a(lib_a-svfiscanf.o)
                0x000000000011ca64                _sungetc_r
 .text.__ssrefill_r
                0x000000000011cb4c       0x6c /opt/devkitpro/devkitARM/lib/gcc/arm-none-eabi/6.3.0/../../../../arm-none-eabi/lib/armv6k/fpu/libg.a(lib_a-svfiscanf.o)
                0x000000000011cb4c                __ssrefill_r
 .text._sfread_r
                0x000000000011cbb8       0xd0 /opt/devkitpro/devkitARM/lib/gcc/arm-none-eabi/6.3.0/../../../../arm-none-eabi/lib/armv6k/fpu/libg.a(lib_a-svfiscanf.o)
                0x000000000011cbb8                _sfread_r
 .text.get_arg  0x000000000011cc88     0x1624 /opt/devkitpro/devkitARM/lib/gcc/arm-none-eabi/6.3.0/../../../../arm-none-eabi/lib/armv6k/fpu/libg.a(lib_a-svfprintf.o)
 *fill*         0x000000000011e2ac        0x4 
 .text._svfprintf_r
                0x000000000011e2b0     0x41c4 /opt/devkitpro/devkitARM/lib/gcc/arm-none-eabi/6.3.0/../../../../arm-none-eabi/lib/armv6k/fpu/libg.a(lib_a-svfprintf.o)
                0x000000000011e2b0                _svfprintf_r
 .text.__submore
                0x0000000000122474       0xa8 /opt/devkitpro/devkitARM/lib/gcc/arm-none-eabi/6.3.0/../../../../arm-none-eabi/lib/armv6k/fpu/libg.a(lib_a-ungetc.o)
                0x0000000000122474                __submore
 .text._wcsnrtombs_l
                0x000000000012251c      0x174 /opt/devkitpro/devkitARM/lib/gcc/arm-none-eabi/6.3.0/../../../../arm-none-eabi/lib/armv6k/fpu/libg.a(lib_a-wcsnrtombs.o)
                0x000000000012251c                _wcsnrtombs_l
 .text._wcsnrtombs_r
                0x0000000000122690       0x64 /opt/devkitpro/devkitARM/lib/gcc/arm-none-eabi/6.3.0/../../../../arm-none-eabi/lib/armv6k/fpu/libg.a(lib_a-wcsnrtombs.o)
                0x0000000000122690                _wcsnrtombs_r
 .text.__utf8_wctomb
                0x00000000001226f4       0xe8 /opt/devkitpro/devkitARM/lib/gcc/arm-none-eabi/6.3.0/../../../../arm-none-eabi/lib/armv6k/fpu/libg.a(lib_a-wctomb_r.o)
                0x00000000001226f4                __utf8_wctomb
 .text._fclose_r
                0x00000000001227dc      0x154 /opt/devkitpro/devkitARM/lib/gcc/arm-none-eabi/6.3.0/../../../../arm-none-eabi/lib/armv6k/fpu/libg.a(lib_a-fclose.o)
                0x00000000001227dc                _fclose_r
 .text.rshift   0x0000000000122930       0xf0 /opt/devkitpro/devkitARM/lib/gcc/arm-none-eabi/6.3.0/../../../../arm-none-eabi/lib/armv6k/fpu/libg.a(lib_a-gdtoa-gethex.o)
 .text.__gethex
                0x0000000000122a20      0x7f4 /opt/devkitpro/devkitARM/lib/gcc/arm-none-eabi/6.3.0/../../../../arm-none-eabi/lib/armv6k/fpu/libg.a(lib_a-gdtoa-gethex.o)
                0x0000000000122a20                __gethex
 .text.__match  0x0000000000123214       0x64 /opt/devkitpro/devkitARM/lib/gcc/arm-none-eabi/6.3.0/../../../../arm-none-eabi/lib/armv6k/fpu/libg.a(lib_a-gdtoa-hexnan.o)
                0x0000000000123214                __match
 .text.__hexnan
                0x0000000000123278      0x264 /opt/devkitpro/devkitARM/lib/gcc/arm-none-eabi/6.3.0/../../../../arm-none-eabi/lib/armv6k/fpu/libg.a(lib_a-gdtoa-hexnan.o)
                0x0000000000123278                __hexnan
 .text.null_write
                0x00000000001234dc        0x8 /opt/devkitpro/devkitARM/lib/gcc/arm-none-eabi/6.3.0/../../../../arm-none-eabi/lib/armv6k/fpu/libsysbase.a(iosupport.o)
 .text.setDefaultDevice
                0x00000000001234e4       0x18 /opt/devkitpro/devkitARM/lib/gcc/arm-none-eabi/6.3.0/../../../../arm-none-eabi/lib/armv6k/fpu/libsysbase.a(iosupport.o)
                0x00000000001234e4                setDefaultDevice
 .text.FindDevice
                0x00000000001234fc       0xcc /opt/devkitpro/devkitARM/lib/gcc/arm-none-eabi/6.3.0/../../../../arm-none-eabi/lib/armv6k/fpu/libsysbase.a(iosupport.o)
                0x00000000001234fc                FindDevice
 .text.RemoveDevice
                0x00000000001235c8       0x28 /opt/devkitpro/devkitARM/lib/gcc/arm-none-eabi/6.3.0/../../../../arm-none-eabi/lib/armv6k/fpu/libsysbase.a(iosupport.o)
                0x00000000001235c8                RemoveDevice
 .text.AddDevice
                0x00000000001235f0       0x98 /opt/devkitpro/devkitARM/lib/gcc/arm-none-eabi/6.3.0/../../../../arm-none-eabi/lib/armv6k/fpu/libsysbase.a(iosupport.o)
                0x00000000001235f0                AddDevice
 .text._close_r
                0x0000000000123688       0x84 /opt/devkitpro/devkitARM/lib/gcc/arm-none-eabi/6.3.0/../../../../arm-none-eabi/lib/armv6k/fpu/libsysbase.a(close.o)
                0x0000000000123688                _close_r
 .text._fstat_r
                0x000000000012370c       0x7c /opt/devkitpro/devkitARM/lib/gcc/arm-none-eabi/6.3.0/../../../../arm-none-eabi/lib/armv6k/fpu/libsysbase.a(fstat.o)
                0x000000000012370c                _fstat_r
 .text._isatty_r
                0x0000000000123788        0x8 /opt/devkitpro/devkitARM/lib/gcc/arm-none-eabi/6.3.0/../../../../arm-none-eabi/lib/armv6k/fpu/libsysbase.a(isatty.o)
                0x0000000000123788                _isatty_r
 .text._lseek_r
                0x0000000000123790       0x90 /opt/devkitpro/devkitARM/lib/gcc/arm-none-eabi/6.3.0/../../../../arm-none-eabi/lib/armv6k/fpu/libsysbase.a(lseek.o)
                0x0000000000123790                _lseek_r
 .text._read_r  0x0000000000123820       0x88 /opt/devkitpro/devkitARM/lib/gcc/arm-none-eabi/6.3.0/../../../../arm-none-eabi/lib/armv6k/fpu/libsysbase.a(read.o)
                0x0000000000123820                _read_r
 .text._sbrk_r  0x00000000001238a8       0x70 /opt/devkitpro/devkitARM/lib/gcc/arm-none-eabi/6.3.0/../../../../arm-none-eabi/lib/armv6k/fpu/libsysbase.a(sbrk.o)
                0x00000000001238a8                _sbrk_r
 .text._write_r
                0x0000000000123918       0x88 /opt/devkitpro/devkitARM/lib/gcc/arm-none-eabi/6.3.0/../../../../arm-none-eabi/lib/armv6k/fpu/libsysbase.a(write.o)
                0x0000000000123918                _write_r
 .text._concatenate_path
                0x00000000001239a0      0x1d4 /opt/devkitpro/devkitARM/lib/gcc/arm-none-eabi/6.3.0/../../../../arm-none-eabi/lib/armv6k/fpu/libsysbase.a(chdir.o)
                0x00000000001239a0                _concatenate_path
 .text.chdir    0x0000000000123b74      0x15c /opt/devkitpro/devkitARM/lib/gcc/arm-none-eabi/6.3.0/../../../../arm-none-eabi/lib/armv6k/fpu/libsysbase.a(chdir.o)
                0x0000000000123b74                chdir
 .text.__flockfile
                0x0000000000123cd0        0x8 /opt/devkitpro/devkitARM/lib/gcc/arm-none-eabi/6.3.0/../../../../arm-none-eabi/lib/armv6k/fpu/libsysbase.a(flock.o)
                0x0000000000123cd0                __flockfile
 .text.__funlockfile
                0x0000000000123cd8        0x8 /opt/devkitpro/devkitARM/lib/gcc/arm-none-eabi/6.3.0/../../../../arm-none-eabi/lib/armv6k/fpu/libsysbase.a(flock.o)
                0x0000000000123cd8                __funlockfile
 .text.__libc_lock_acquire
                0x0000000000123ce0       0x18 /opt/devkitpro/devkitARM/lib/gcc/arm-none-eabi/6.3.0/../../../../arm-none-eabi/lib/armv6k/fpu/libsysbase.a(syscall_support.o)
                0x0000000000123ce0                __libc_lock_acquire
 .text.__libc_lock_release
                0x0000000000123cf8       0x18 /opt/devkitpro/devkitARM/lib/gcc/arm-none-eabi/6.3.0/../../../../arm-none-eabi/lib/armv6k/fpu/libsysbase.a(syscall_support.o)
                0x0000000000123cf8                __libc_lock_release
 .text.__libc_lock_init_recursive
                0x0000000000123d10       0x18 /opt/devkitpro/devkitARM/lib/gcc/arm-none-eabi/6.3.0/../../../../arm-none-eabi/lib/armv6k/fpu/libsysbase.a(syscall_support.o)
                0x0000000000123d10                __libc_lock_init_recursive
 .text.__libc_lock_acquire_recursive
                0x0000000000123d28       0x18 /opt/devkitpro/devkitARM/lib/gcc/arm-none-eabi/6.3.0/../../../../arm-none-eabi/lib/armv6k/fpu/libsysbase.a(syscall_support.o)
                0x0000000000123d28                __libc_lock_acquire_recursive
 .text.__libc_lock_release_recursive
                0x0000000000123d40       0x18 /opt/devkitpro/devkitARM/lib/gcc/arm-none-eabi/6.3.0/../../../../arm-none-eabi/lib/armv6k/fpu/libsysbase.a(syscall_support.o)
                0x0000000000123d40                __libc_lock_release_recursive